Component: ARM Compiler 5.05 update 1 (build 106) Tool: armlink [4d0efa]

==============================================================================

Section Cross References

    startup_stm32f10x_md.o(RESET) refers to startup_stm32f10x_md.o(STACK) for __initial_sp
    startup_stm32f10x_md.o(RESET) refers to startup_stm32f10x_md.o(.text) for Reset_Handler
    startup_stm32f10x_md.o(RESET) refers to stm32f10x_it.o(i.NMI_Handler) for NMI_Handler
    startup_stm32f10x_md.o(RESET) refers to stm32f10x_it.o(i.HardFault_Handler) for HardFault_Handler
    startup_stm32f10x_md.o(RESET) refers to stm32f10x_it.o(i.MemManage_Handler) for MemManage_Handler
    startup_stm32f10x_md.o(RESET) refers to stm32f10x_it.o(i.BusFault_Handler) for BusFault_Handler
    startup_stm32f10x_md.o(RESET) refers to stm32f10x_it.o(i.UsageFault_Handler) for UsageFault_Handler
    startup_stm32f10x_md.o(RESET) refers to stm32f10x_it.o(i.SVC_Handler) for SVC_Handler
    startup_stm32f10x_md.o(RESET) refers to stm32f10x_it.o(i.DebugMon_Handler) for DebugMon_Handler
    startup_stm32f10x_md.o(RESET) refers to stm32f10x_it.o(i.PendSV_Handler) for PendSV_Handler
    startup_stm32f10x_md.o(RESET) refers to stm32f10x_it.o(i.SysTick_Handler) for SysTick_Handler
    startup_stm32f10x_md.o(RESET) refers to timer.o(i.TIM3_IRQHandler) for TIM3_IRQHandler
    startup_stm32f10x_md.o(RESET) refers to myusart.o(i.USART1_IRQHandler) for USART1_IRQHandler
    startup_stm32f10x_md.o(RESET) refers to usart3.o(i.USART3_IRQHandler) for USART3_IRQHandler
    startup_stm32f10x_md.o(.text) refers to system_stm32f10x.o(i.SystemInit) for SystemInit
    startup_stm32f10x_md.o(.text) refers to entry.o(.ARM.Collect$$$$00000000) for __main
    system_stm32f10x.o(i.SetSysClock) refers to system_stm32f10x.o(i.SetSysClockTo72) for SetSysClockTo72
    system_stm32f10x.o(i.SystemCoreClockUpdate) refers to system_stm32f10x.o(.data) for SystemCoreClock
    system_stm32f10x.o(i.SystemInit) refers to system_stm32f10x.o(i.SetSysClock) for SetSysClock
    stm32f10x_adc.o(i.ADC_DeInit) refers to stm32f10x_rcc.o(i.RCC_APB2PeriphResetCmd) for RCC_APB2PeriphResetCmd
    stm32f10x_bkp.o(i.BKP_DeInit) refers to stm32f10x_rcc.o(i.RCC_BackupResetCmd) for RCC_BackupResetCmd
    stm32f10x_can.o(i.CAN_DeInit) refers to stm32f10x_rcc.o(i.RCC_APB1PeriphResetCmd) for RCC_APB1PeriphResetCmd
    stm32f10x_can.o(i.CAN_GetITStatus) refers to stm32f10x_can.o(i.CheckITStatus) for CheckITStatus
    stm32f10x_cec.o(i.CEC_DeInit) refers to stm32f10x_rcc.o(i.RCC_APB1PeriphResetCmd) for RCC_APB1PeriphResetCmd
    stm32f10x_dac.o(i.DAC_DeInit) refers to stm32f10x_rcc.o(i.RCC_APB1PeriphResetCmd) for RCC_APB1PeriphResetCmd
    stm32f10x_flash.o(i.FLASH_EnableWriteProtection) refers to stm32f10x_flash.o(i.FLASH_WaitForLastOperation) for FLASH_WaitForLastOperation
    stm32f10x_flash.o(i.FLASH_EraseAllBank1Pages) refers to stm32f10x_flash.o(i.FLASH_WaitForLastBank1Operation) for FLASH_WaitForLastBank1Operation
    stm32f10x_flash.o(i.FLASH_EraseAllPages) refers to stm32f10x_flash.o(i.FLASH_WaitForLastOperation) for FLASH_WaitForLastOperation
    stm32f10x_flash.o(i.FLASH_EraseOptionBytes) refers to stm32f10x_flash.o(i.FLASH_GetReadOutProtectionStatus) for FLASH_GetReadOutProtectionStatus
    stm32f10x_flash.o(i.FLASH_EraseOptionBytes) refers to stm32f10x_flash.o(i.FLASH_WaitForLastOperation) for FLASH_WaitForLastOperation
    stm32f10x_flash.o(i.FLASH_ErasePage) refers to stm32f10x_flash.o(i.FLASH_WaitForLastOperation) for FLASH_WaitForLastOperation
    stm32f10x_flash.o(i.FLASH_ProgramHalfWord) refers to stm32f10x_flash.o(i.FLASH_WaitForLastOperation) for FLASH_WaitForLastOperation
    stm32f10x_flash.o(i.FLASH_ProgramOptionByteData) refers to stm32f10x_flash.o(i.FLASH_WaitForLastOperation) for FLASH_WaitForLastOperation
    stm32f10x_flash.o(i.FLASH_ProgramWord) refers to stm32f10x_flash.o(i.FLASH_WaitForLastOperation) for FLASH_WaitForLastOperation
    stm32f10x_flash.o(i.FLASH_ReadOutProtection) refers to stm32f10x_flash.o(i.FLASH_WaitForLastOperation) for FLASH_WaitForLastOperation
    stm32f10x_flash.o(i.FLASH_UserOptionByteConfig) refers to stm32f10x_flash.o(i.FLASH_WaitForLastOperation) for FLASH_WaitForLastOperation
    stm32f10x_flash.o(i.FLASH_WaitForLastBank1Operation) refers to stm32f10x_flash.o(i.FLASH_GetBank1Status) for FLASH_GetBank1Status
    stm32f10x_flash.o(i.FLASH_WaitForLastOperation) refers to stm32f10x_flash.o(i.FLASH_GetBank1Status) for FLASH_GetBank1Status
    stm32f10x_gpio.o(i.GPIO_AFIODeInit) refers to stm32f10x_rcc.o(i.RCC_APB2PeriphResetCmd) for RCC_APB2PeriphResetCmd
    stm32f10x_gpio.o(i.GPIO_DeInit) refers to stm32f10x_rcc.o(i.RCC_APB2PeriphResetCmd) for RCC_APB2PeriphResetCmd
    stm32f10x_i2c.o(i.I2C_DeInit) refers to stm32f10x_rcc.o(i.RCC_APB1PeriphResetCmd) for RCC_APB1PeriphResetCmd
    stm32f10x_i2c.o(i.I2C_Init) refers to stm32f10x_rcc.o(i.RCC_GetClocksFreq) for RCC_GetClocksFreq
[...]
    Removing stm32f10x_flash.o(i.FLASH_ProgramHalfWord), (64 bytes).
    Removing stm32f10x_flash.o(i.FLASH_ProgramOptionByteData), (84 bytes).
    Removing stm32f10x_flash.o(i.FLASH_ProgramWord), (108 bytes).
    Removing stm32f10x_flash.o(i.FLASH_ReadOutProtection), (172 bytes).
    Removing stm32f10x_flash.o(i.FLASH_SetLatency), (24 bytes).
    Removing stm32f10x_flash.o(i.FLASH_Unlock), (24 bytes).
    Removing stm32f10x_flash.o(i.FLASH_UnlockBank1), (24 bytes).
    Removing stm32f10x_flash.o(i.FLASH_UserOptionByteConfig), (104 bytes).
    Removing stm32f10x_flash.o(i.FLASH_WaitForLastBank1Operation), (38 bytes).
    Removing stm32f10x_flash.o(i.FLASH_WaitForLastOperation), (38 bytes).
    Removing stm32f10x_fsmc.o(i.FSMC_ClearFlag), (64 bytes).
    Removing stm32f10x_fsmc.o(i.FSMC_ClearITPendingBit), (72 bytes).
    Removing stm32f10x_fsmc.o(i.FSMC_GetECC), (28 bytes).
    Removing stm32f10x_fsmc.o(i.FSMC_GetFlagStatus), (56 bytes).
    Removing stm32f10x_fsmc.o(i.FSMC_GetITStatus), (68 bytes).
    Removing stm32f10x_fsmc.o(i.FSMC_ITConfig), (128 bytes).
    Removing stm32f10x_fsmc.o(i.FSMC_NANDCmd), (92 bytes).
    Removing stm32f10x_fsmc.o(i.FSMC_NANDDeInit), (68 bytes).
    Removing stm32f10x_fsmc.o(i.FSMC_NANDECCCmd), (92 bytes).
    Removing stm32f10x_fsmc.o(i.FSMC_NANDInit), (136 bytes).
    Removing stm32f10x_fsmc.o(i.FSMC_NANDStructInit), (54 bytes).
    Removing stm32f10x_fsmc.o(i.FSMC_NORSRAMCmd), (52 bytes).
    Removing stm32f10x_fsmc.o(i.FSMC_NORSRAMDeInit), (54 bytes).
    Removing stm32f10x_fsmc.o(i.FSMC_NORSRAMInit), (230 bytes).
    Removing stm32f10x_fsmc.o(i.FSMC_NORSRAMStructInit), (114 bytes).
    Removing stm32f10x_fsmc.o(i.FSMC_PCCARDCmd), (48 bytes).
    Removing stm32f10x_fsmc.o(i.FSMC_PCCARDDeInit), (40 bytes).
    Removing stm32f10x_fsmc.o(i.FSMC_PCCARDInit), (132 bytes).
    Removing stm32f10x_fsmc.o(i.FSMC_PCCARDStructInit), (60 bytes).
    Removing stm32f10x_gpio.o(i.GPIO_AFIODeInit), (20 bytes).
    Removing stm32f10x_gpio.o(i.GPIO_DeInit), (200 bytes).
    Removing stm32f10x_gpio.o(i.GPIO_ETH_MediaInterfaceConfig), (12 bytes).
    Removing stm32f10x_gpio.o(i.GPIO_EXTILineConfig), (64 bytes).
    Removing stm32f10x_gpio.o(i.GPIO_EventOutputCmd), (12 bytes).
    Removing stm32f10x_gpio.o(i.GPIO_EventOutputConfig), (32 bytes).
    Removing stm32f10x_gpio.o(i.GPIO_PinLockConfig), (18 bytes).
    Removing stm32f10x_gpio.o(i.GPIO_ReadInputData), (8 bytes).
    Removing stm32f10x_gpio.o(i.GPIO_ReadInputDataBit), (18 bytes).
    Removing stm32f10x_gpio.o(i.GPIO_ReadOutputData), (8 bytes).
    Removing stm32f10x_gpio.o(i.GPIO_StructInit), (16 bytes).
    Removing stm32f10x_gpio.o(i.GPIO_Write), (4 bytes).
    Removing stm32f10x_gpio.o(i.GPIO_WriteBit), (10 bytes).
    Removing stm32f10x_i2c.o(i.I2C_ARPCmd), (24 bytes).
    Removing stm32f10x_i2c.o(i.I2C_AcknowledgeConfig), (24 bytes).
    Removing stm32f10x_i2c.o(i.I2C_CalculatePEC), (24 bytes).
    Removing stm32f10x_i2c.o(i.I2C_CheckEvent), (42 bytes).
    Removing stm32f10x_i2c.o(i.I2C_ClearFlag), (12 bytes).
    Removing stm32f10x_i2c.o(i.I2C_ClearITPendingBit), (12 bytes).
    Removing stm32f10x_i2c.o(i.I2C_Cmd), (24 bytes).
    Removing stm32f10x_i2c.o(i.I2C_DMACmd), (24 bytes).
    Removing stm32f10x_i2c.o(i.I2C_DMALastTransferCmd), (24 bytes).
    Removing stm32f10x_i2c.o(i.I2C_DeInit), (56 bytes).
    Removing stm32f10x_i2c.o(i.I2C_DualAddressCmd), (24 bytes).
    Removing stm32f10x_i2c.o(i.I2C_FastModeDutyCycleConfig), (28 bytes).
    Removing stm32f10x_i2c.o(i.I2C_GeneralCallCmd), (24 bytes).
    Removing stm32f10x_i2c.o(i.I2C_GenerateSTART), (24 bytes).
    Removing stm32f10x_i2c.o(i.I2C_GenerateSTOP), (24 bytes).
    Removing stm32f10x_i2c.o(i.I2C_GetFlagStatus), (58 bytes).
    Removing stm32f10x_i2c.o(i.I2C_GetITStatus), (38 bytes).
    Removing stm32f10x_i2c.o(i.I2C_GetLastEvent), (26 bytes).
    Removing stm32f10x_i2c.o(i.I2C_GetPEC), (8 bytes).
    Removing stm32f10x_i2c.o(i.I2C_ITConfig), (18 bytes).
    Removing stm32f10x_i2c.o(i.I2C_Init), (236 bytes).
    Removing stm32f10x_i2c.o(i.I2C_NACKPositionConfig), (28 bytes).
    Removing stm32f10x_i2c.o(i.I2C_OwnAddress2Config), (22 bytes).
    Removing stm32f10x_i2c.o(i.I2C_PECPositionConfig), (28 bytes).
    Removing stm32f10x_i2c.o(i.I2C_ReadRegister), (22 bytes).
    Removing stm32f10x_i2c.o(i.I2C_ReceiveData), (8 bytes).
    Removing stm32f10x_i2c.o(i.I2C_SMBusAlertConfig), (28 bytes).
    Removing stm32f10x_i2c.o(i.I2C_Send7bitAddress), (18 bytes).
    Removing stm32f10x_i2c.o(i.I2C_SendData), (4 bytes).
    Removing stm32f10x_i2c.o(i.I2C_SoftwareResetCmd), (22 bytes).
    Removing stm32f10x_i2c.o(i.I2C_StretchClockCmd), (24 bytes).
    Removing stm32f10x_i2c.o(i.I2C_StructInit), (30 bytes).
    Removing stm32f10x_i2c.o(i.I2C_TransmitPEC), (24 bytes).
    Removing stm32f10x_iwdg.o(i.IWDG_Enable), (16 bytes).
    Removing stm32f10x_iwdg.o(i.IWDG_GetFlagStatus), (24 bytes).
    Removing stm32f10x_iwdg.o(i.IWDG_ReloadCounter), (16 bytes).
    Removing stm32f10x_iwdg.o(i.IWDG_SetPrescaler), (12 bytes).
    Removing stm32f10x_iwdg.o(i.IWDG_SetReload), (12 bytes).
    Removing stm32f10x_iwdg.o(i.IWDG_WriteAccessCmd), (12 bytes).
    Removing stm32f10x_pwr.o(i.PWR_BackupAccessCmd), (12 bytes).
    Removing stm32f10x_pwr.o(i.PWR_ClearFlag), (20 bytes).
    Removing stm32f10x_pwr.o(i.PWR_DeInit), (22 bytes).
    Removing stm32f10x_pwr.o(i.PWR_EnterSTANDBYMode), (52 bytes).
    Removing stm32f10x_pwr.o(i.PWR_EnterSTOPMode), (64 bytes).
    Removing stm32f10x_pwr.o(i.PWR_GetFlagStatus), (24 bytes).
    Removing stm32f10x_pwr.o(i.PWR_PVDCmd), (12 bytes).
    Removing stm32f10x_pwr.o(i.PWR_PVDLevelConfig), (24 bytes).
    Removing stm32f10x_pwr.o(i.PWR_WakeUpPinCmd), (12 bytes).
    Removing stm32f10x_rcc.o(i.RCC_ADCCLKConfig), (24 bytes).
    Removing stm32f10x_rcc.o(i.RCC_AHBPeriphClockCmd), (32 bytes).
    Removing stm32f10x_rcc.o(i.RCC_AdjustHSICalibrationValue), (24 bytes).
    Removing stm32f10x_rcc.o(i.RCC_BackupResetCmd), (12 bytes).
    Removing stm32f10x_rcc.o(i.RCC_ClearFlag), (20 bytes).
    Removing stm32f10x_rcc.o(i.RCC_ClearITPendingBit), (12 bytes).
    Removing stm32f10x_rcc.o(i.RCC_ClockSecuritySystemCmd), (12 bytes).
    Removing stm32f10x_rcc.o(i.RCC_DeInit), (76 bytes).
    Removing stm32f10x_rcc.o(i.RCC_GetFlagStatus), (60 bytes).
    Removing stm32f10x_rcc.o(i.RCC_GetITStatus), (24 bytes).
    Removing stm32f10x_rcc.o(i.RCC_GetSYSCLKSource), (16 bytes).
    Removing stm32f10x_rcc.o(i.RCC_HCLKConfig), (24 bytes).
    Removing stm32f10x_rcc.o(i.RCC_HSEConfig), (76 bytes).
    Removing stm32f10x_rcc.o(i.RCC_HSICmd), (12 bytes).
    Removing stm32f10x_rcc.o(i.RCC_ITConfig), (32 bytes).
    Removing stm32f10x_rcc.o(i.RCC_LSEConfig), (52 bytes).
    Removing stm32f10x_rcc.o(i.RCC_LSICmd), (12 bytes).
    Removing stm32f10x_rcc.o(i.RCC_MCOConfig), (12 bytes).
    Removing stm32f10x_rcc.o(i.RCC_PCLK1Config), (24 bytes).
    Removing stm32f10x_rcc.o(i.RCC_PCLK2Config), (24 bytes).
    Removing stm32f10x_rcc.o(i.RCC_PLLCmd), (12 bytes).
    Removing stm32f10x_rcc.o(i.RCC_PLLConfig), (28 bytes).
    Removing stm32f10x_rcc.o(i.RCC_RTCCLKCmd), (12 bytes).
    Removing stm32f10x_rcc.o(i.RCC_RTCCLKConfig), (16 bytes).
    Removing stm32f10x_rcc.o(i.RCC_SYSCLKConfig), (24 bytes).
    Removing stm32f10x_rcc.o(i.RCC_USBCLKConfig), (12 bytes).
    Removing stm32f10x_rcc.o(i.RCC_WaitForHSEStartUp), (56 bytes).
    Removing stm32f10x_rtc.o(i.RTC_ClearFlag), (16 bytes).
    Removing stm32f10x_rtc.o(i.RTC_ClearITPendingBit), (16 bytes).
    Removing stm32f10x_rtc.o(i.RTC_EnterConfigMode), (20 bytes).
    Removing stm32f10x_rtc.o(i.RTC_ExitConfigMode), (20 bytes).
    Removing stm32f10x_rtc.o(i.RTC_GetCounter), (20 bytes).
    Removing stm32f10x_rtc.o(i.RTC_GetDivider), (24 bytes).
    Removing stm32f10x_rtc.o(i.RTC_GetFlagStatus), (24 bytes).
    Removing stm32f10x_rtc.o(i.RTC_GetITStatus), (36 bytes).
    Removing stm32f10x_rtc.o(i.RTC_ITConfig), (32 bytes).
    Removing stm32f10x_rtc.o(i.RTC_SetAlarm), (28 bytes).
    Removing stm32f10x_rtc.o(i.RTC_SetCounter), (28 bytes).
    Removing stm32f10x_rtc.o(i.RTC_SetPrescaler), (32 bytes).
    Removing stm32f10x_rtc.o(i.RTC_WaitForLastTask), (20 bytes).
    Removing stm32f10x_rtc.o(i.RTC_WaitForSynchro), (36 bytes).
    Removing stm32f10x_sdio.o(i.SDIO_CEATAITCmd), (16 bytes).
    Removing stm32f10x_sdio.o(i.SDIO_ClearFlag), (12 bytes).
    Removing stm32f10x_sdio.o(i.SDIO_ClearITPendingBit), (12 bytes).
    Removing stm32f10x_sdio.o(i.SDIO_ClockCmd), (12 bytes).
    Removing stm32f10x_sdio.o(i.SDIO_CmdStructInit), (14 bytes).
    Removing stm32f10x_sdio.o(i.SDIO_CommandCompletionCmd), (12 bytes).
    Removing stm32f10x_sdio.o(i.SDIO_DMACmd), (12 bytes).
    Removing stm32f10x_sdio.o(i.SDIO_DataConfig), (48 bytes).
    Removing stm32f10x_sdio.o(i.SDIO_DataStructInit), (20 bytes).
    Removing stm32f10x_sdio.o(i.SDIO_DeInit), (36 bytes).
    Removing stm32f10x_sdio.o(i.SDIO_GetCommandResponse), (12 bytes).
    Removing stm32f10x_sdio.o(i.SDIO_GetDataCounter), (12 bytes).
    Removing stm32f10x_sdio.o(i.SDIO_GetFIFOCount), (12 bytes).
    Removing stm32f10x_sdio.o(i.SDIO_GetFlagStatus), (24 bytes).
    Removing stm32f10x_sdio.o(i.SDIO_GetITStatus), (24 bytes).
    Removing stm32f10x_sdio.o(i.SDIO_GetPowerState), (16 bytes).
    Removing stm32f10x_sdio.o(i.SDIO_GetResponse), (24 bytes).
    Removing stm32f10x_sdio.o(i.SDIO_ITConfig), (32 bytes).
    Removing stm32f10x_sdio.o(i.SDIO_Init), (48 bytes).
    Removing stm32f10x_sdio.o(i.SDIO_ReadData), (12 bytes).
    Removing stm32f10x_sdio.o(i.SDIO_SendCEATACmd), (12 bytes).
    Removing stm32f10x_sdio.o(i.SDIO_SendCommand), (44 bytes).
    Removing stm32f10x_sdio.o(i.SDIO_SendSDIOSuspendCmd), (12 bytes).
    Removing stm32f10x_sdio.o(i.SDIO_SetPowerState), (28 bytes).
    Removing stm32f10x_sdio.o(i.SDIO_SetSDIOOperation), (12 bytes).
    Removing stm32f10x_sdio.o(i.SDIO_SetSDIOReadWaitMode), (12 bytes).
    Removing stm32f10x_sdio.o(i.SDIO_StartSDIOReadWait), (12 bytes).
    Removing stm32f10x_sdio.o(i.SDIO_StopSDIOReadWait), (12 bytes).
    Removing stm32f10x_sdio.o(i.SDIO_StructInit), (16 bytes).
    Removing stm32f10x_sdio.o(i.SDIO_WriteData), (12 bytes).
    Removing stm32f10x_spi.o(i.I2S_Cmd), (24 bytes).
    Removing stm32f10x_spi.o(i.I2S_Init), (232 bytes).
    Removing stm32f10x_spi.o(i.I2S_StructInit), (20 bytes).
    Removing stm32f10x_spi.o(i.SPI_BiDirectionalLineConfig), (28 bytes).
    Removing stm32f10x_spi.o(i.SPI_CalculateCRC), (24 bytes).
    Removing stm32f10x_spi.o(i.SPI_Cmd), (24 bytes).
    Removing stm32f10x_spi.o(i.SPI_DataSizeConfig), (18 bytes).
    Removing stm32f10x_spi.o(i.SPI_GetCRC), (16 bytes).
    Removing stm32f10x_spi.o(i.SPI_GetCRCPolynomial), (6 bytes).
    Removing stm32f10x_spi.o(i.SPI_I2S_ClearFlag), (6 bytes).
    Removing stm32f10x_spi.o(i.SPI_I2S_ClearITPendingBit), (20 bytes).
    Removing stm32f10x_spi.o(i.SPI_I2S_DMACmd), (18 bytes).
    Removing stm32f10x_spi.o(i.SPI_I2S_DeInit), (88 bytes).
    Removing stm32f10x_spi.o(i.SPI_I2S_GetFlagStatus), (18 bytes).
    Removing stm32f10x_spi.o(i.SPI_I2S_GetITStatus), (52 bytes).
    Removing stm32f10x_spi.o(i.SPI_I2S_ITConfig), (32 bytes).
    Removing stm32f10x_spi.o(i.SPI_I2S_ReceiveData), (6 bytes).
    Removing stm32f10x_spi.o(i.SPI_I2S_SendData), (4 bytes).
    Removing stm32f10x_spi.o(i.SPI_Init), (60 bytes).
    Removing stm32f10x_spi.o(i.SPI_NSSInternalSoftwareConfig), (30 bytes).
    Removing stm32f10x_spi.o(i.SPI_SSOutputCmd), (24 bytes).
    Removing stm32f10x_spi.o(i.SPI_StructInit), (24 bytes).
    Removing stm32f10x_spi.o(i.SPI_TransmitCRC), (10 bytes).
    Removing stm32f10x_tim.o(i.TI1_Config), (128 bytes).
    Removing stm32f10x_tim.o(i.TI2_Config), (152 bytes).
    Removing stm32f10x_tim.o(i.TI3_Config), (144 bytes).
    Removing stm32f10x_tim.o(i.TI4_Config), (152 bytes).
    Removing stm32f10x_tim.o(i.TIM_ARRPreloadConfig), (24 bytes).
    Removing stm32f10x_tim.o(i.TIM_BDTRConfig), (32 bytes).
    Removing stm32f10x_tim.o(i.TIM_BDTRStructInit), (18 bytes).
    Removing stm32f10x_tim.o(i.TIM_CCPreloadControl), (24 bytes).
    Removing stm32f10x_tim.o(i.TIM_CCxCmd), (30 bytes).
    Removing stm32f10x_tim.o(i.TIM_CCxNCmd), (30 bytes).
    Removing stm32f10x_tim.o(i.TIM_ClearFlag), (6 bytes).
    Removing stm32f10x_tim.o(i.TIM_ClearOC1Ref), (18 bytes).
    Removing stm32f10x_tim.o(i.TIM_ClearOC2Ref), (24 bytes).
    Removing stm32f10x_tim.o(i.TIM_ClearOC3Ref), (18 bytes).
    Removing stm32f10x_tim.o(i.TIM_ClearOC4Ref), (24 bytes).
    Removing stm32f10x_tim.o(i.TIM_CounterModeConfig), (18 bytes).
    Removing stm32f10x_tim.o(i.TIM_CtrlPWMOutputs), (30 bytes).
    Removing stm32f10x_tim.o(i.TIM_DMACmd), (18 bytes).
    Removing stm32f10x_tim.o(i.TIM_DMAConfig), (10 bytes).
    Removing stm32f10x_tim.o(i.TIM_DeInit), (488 bytes).
    Removing stm32f10x_tim.o(i.TIM_ETRClockMode1Config), (54 bytes).
    Removing stm32f10x_tim.o(i.TIM_ETRClockMode2Config), (32 bytes).
    Removing stm32f10x_tim.o(i.TIM_ETRConfig), (28 bytes).
    Removing stm32f10x_tim.o(i.TIM_EncoderInterfaceConfig), (66 bytes).
    Removing stm32f10x_tim.o(i.TIM_ForcedOC1Config), (18 bytes).
    Removing stm32f10x_tim.o(i.TIM_ForcedOC2Config), (26 bytes).
    Removing stm32f10x_tim.o(i.TIM_ForcedOC3Config), (18 bytes).
    Removing stm32f10x_tim.o(i.TIM_ForcedOC4Config), (26 bytes).
    Removing stm32f10x_tim.o(i.TIM_GenerateEvent), (4 bytes).
    Removing stm32f10x_tim.o(i.TIM_GetCapture1), (6 bytes).
    Removing stm32f10x_tim.o(i.TIM_GetCapture2), (6 bytes).
    Removing stm32f10x_tim.o(i.TIM_GetCapture3), (6 bytes).
    Removing stm32f10x_tim.o(i.TIM_GetCapture4), (8 bytes).
    Removing stm32f10x_tim.o(i.TIM_GetCounter), (6 bytes).
    Removing stm32f10x_tim.o(i.TIM_GetFlagStatus), (18 bytes).
    Removing stm32f10x_tim.o(i.TIM_GetPrescaler), (6 bytes).
    Removing stm32f10x_tim.o(i.TIM_ICInit), (172 bytes).
    Removing stm32f10x_tim.o(i.TIM_ICStructInit), (18 bytes).
    Removing stm32f10x_tim.o(i.TIM_ITRxExternalClockConfig), (24 bytes).
    Removing stm32f10x_tim.o(i.TIM_InternalClockConfig), (12 bytes).
    Removing stm32f10x_tim.o(i.TIM_OC1FastConfig), (18 bytes).
    Removing stm32f10x_tim.o(i.TIM_OC1Init), (152 bytes).
    Removing stm32f10x_tim.o(i.TIM_OC1NPolarityConfig), (18 bytes).
    Removing stm32f10x_tim.o(i.TIM_OC1PolarityConfig), (18 bytes).
    Removing stm32f10x_tim.o(i.TIM_OC1PreloadConfig), (18 bytes).
    Removing stm32f10x_tim.o(i.TIM_OC2FastConfig), (26 bytes).
    Removing stm32f10x_tim.o(i.TIM_OC2Init), (164 bytes).
    Removing stm32f10x_tim.o(i.TIM_OC2NPolarityConfig), (26 bytes).
    Removing stm32f10x_tim.o(i.TIM_OC2PolarityConfig), (26 bytes).
    Removing stm32f10x_tim.o(i.TIM_OC2PreloadConfig), (26 bytes).
    Removing stm32f10x_tim.o(i.TIM_OC3FastConfig), (18 bytes).
    Removing stm32f10x_tim.o(i.TIM_OC3Init), (160 bytes).
    Removing stm32f10x_tim.o(i.TIM_OC3NPolarityConfig), (26 bytes).
    Removing stm32f10x_tim.o(i.TIM_OC3PolarityConfig), (26 bytes).
    Removing stm32f10x_tim.o(i.TIM_OC3PreloadConfig), (18 bytes).
    Removing stm32f10x_tim.o(i.TIM_OC4FastConfig), (26 bytes).
    Removing stm32f10x_tim.o(i.TIM_OC4Init), (124 bytes).
    Removing stm32f10x_tim.o(i.TIM_OC4PolarityConfig), (26 bytes).
    Removing stm32f10x_tim.o(i.TIM_OC4PreloadConfig), (26 bytes).
    Removing stm32f10x_tim.o(i.TIM_OCStructInit), (20 bytes).
    Removing stm32f10x_tim.o(i.TIM_PWMIConfig), (124 bytes).
    Removing stm32f10x_tim.o(i.TIM_PrescalerConfig), (6 bytes).
    Removing stm32f10x_tim.o(i.TIM_SelectCCDMA), (24 bytes).
    Removing stm32f10x_tim.o(i.TIM_SelectCOM), (24 bytes).
    Removing stm32f10x_tim.o(i.TIM_SelectHallSensor), (24 bytes).
    Removing stm32f10x_tim.o(i.TIM_SelectInputTrigger), (18 bytes).
    Removing stm32f10x_tim.o(i.TIM_SelectMasterSlaveMode), (18 bytes).
    Removing stm32f10x_tim.o(i.TIM_SelectOCxM), (82 bytes).
    Removing stm32f10x_tim.o(i.TIM_SelectOnePulseMode), (18 bytes).
    Removing stm32f10x_tim.o(i.TIM_SelectOutputTrigger), (18 bytes).
    Removing stm32f10x_tim.o(i.TIM_SelectSlaveMode), (18 bytes).
    Removing stm32f10x_tim.o(i.TIM_SetAutoreload), (4 bytes).
    Removing stm32f10x_tim.o(i.TIM_SetClockDivision), (18 bytes).
    Removing stm32f10x_tim.o(i.TIM_SetCompare1), (4 bytes).
    Removing stm32f10x_tim.o(i.TIM_SetCompare2), (4 bytes).
    Removing stm32f10x_tim.o(i.TIM_SetCompare3), (4 bytes).
    Removing stm32f10x_tim.o(i.TIM_SetCompare4), (6 bytes).
    Removing stm32f10x_tim.o(i.TIM_SetCounter), (4 bytes).
    Removing stm32f10x_tim.o(i.TIM_SetIC1Prescaler), (18 bytes).
    Removing stm32f10x_tim.o(i.TIM_SetIC2Prescaler), (26 bytes).
    Removing stm32f10x_tim.o(i.TIM_SetIC3Prescaler), (18 bytes).
    Removing stm32f10x_tim.o(i.TIM_SetIC4Prescaler), (26 bytes).
    Removing stm32f10x_tim.o(i.TIM_TIxExternalClockConfig), (62 bytes).
    Removing stm32f10x_tim.o(i.TIM_TimeBaseStructInit), (18 bytes).
    Removing stm32f10x_tim.o(i.TIM_UpdateDisableConfig), (24 bytes).
    Removing stm32f10x_tim.o(i.TIM_UpdateRequestConfig), (24 bytes).
    Removing stm32f10x_usart.o(i.USART_ClearFlag), (18 bytes).
    Removing stm32f10x_usart.o(i.USART_ClockInit), (34 bytes).
    Removing stm32f10x_usart.o(i.USART_ClockStructInit), (12 bytes).
    Removing stm32f10x_usart.o(i.USART_DMACmd), (18 bytes).
    Removing stm32f10x_usart.o(i.USART_HalfDuplexCmd), (24 bytes).
    Removing stm32f10x_usart.o(i.USART_IrDACmd), (24 bytes).
    Removing stm32f10x_usart.o(i.USART_IrDAConfig), (18 bytes).
    Removing stm32f10x_usart.o(i.USART_LINBreakDetectLengthConfig), (18 bytes).
    Removing stm32f10x_usart.o(i.USART_LINCmd), (24 bytes).
    Removing stm32f10x_usart.o(i.USART_OneBitMethodCmd), (24 bytes).
    Removing stm32f10x_usart.o(i.USART_OverSampling8Cmd), (22 bytes).
    Removing stm32f10x_usart.o(i.USART_ReceiverWakeUpCmd), (24 bytes).
    Removing stm32f10x_usart.o(i.USART_SendBreak), (10 bytes).
    Removing stm32f10x_usart.o(i.USART_SetAddress), (18 bytes).
    Removing stm32f10x_usart.o(i.USART_SetGuardTime), (16 bytes).
    Removing stm32f10x_usart.o(i.USART_SetPrescaler), (16 bytes).
    Removing stm32f10x_usart.o(i.USART_SmartCardCmd), (24 bytes).
    Removing stm32f10x_usart.o(i.USART_SmartCardNACKCmd), (24 bytes).
    Removing stm32f10x_usart.o(i.USART_StructInit), (24 bytes).
    Removing stm32f10x_usart.o(i.USART_WakeUpConfig), (18 bytes).
    Removing stm32f10x_wwdg.o(i.WWDG_ClearFlag), (12 bytes).
    Removing stm32f10x_wwdg.o(i.WWDG_DeInit), (22 bytes).
    Removing stm32f10x_wwdg.o(i.WWDG_Enable), (16 bytes).
    Removing stm32f10x_wwdg.o(i.WWDG_EnableIT), (12 bytes).
    Removing stm32f10x_wwdg.o(i.WWDG_GetFlagStatus), (12 bytes).
    Removing stm32f10x_wwdg.o(i.WWDG_SetCounter), (16 bytes).
    Removing stm32f10x_wwdg.o(i.WWDG_SetPrescaler), (24 bytes).
    Removing stm32f10x_wwdg.o(i.WWDG_SetWindowValue), (40 bytes).
    Removing key.o(i.Key), (52 bytes).
    Removing key.o(i.Key_Init), (44 bytes).
    Removing led.o(i.LED_OFF), (16 bytes).
    Removing led.o(i.LED_ON), (16 bytes).
    Removing pwm.o(i.PWM_Init), (148 bytes).
    Removing pwm.o(i.PWM_SetCompare), (20 bytes).
    Removing ad.o(i.AD_GetValue), (16 bytes).
    Removing ad.o(i.AD_Init), (172 bytes).
    Removing dht11.o(i.DHT11_GetData), (396 bytes).
    Removing dht11.o(.data), (8 bytes).
    Removing myspi.o(i.MySPI_Init), (172 bytes).
    Removing myspi.o(i.SPI_RW), (84 bytes).
    Removing nrf24l01.o(i.NRF_Init), (92 bytes).
    Removing nrf24l01.o(i.NRF_RXMode), (100 bytes).
    Removing nrf24l01.o(i.NRF_RXPacket), (52 bytes).
    Removing nrf24l01.o(i.NRF_ReadBuff), (68 bytes).
    Removing nrf24l01.o(i.NRF_ReadReg), (48 bytes).
    Removing nrf24l01.o(i.NRF_TXMode), (108 bytes).
    Removing nrf24l01.o(i.NRF_TXPacket), (100 bytes).
    Removing nrf24l01.o(i.NRF_WriteBuff), (68 bytes).
    Removing nrf24l01.o(i.NRF_WriteReg), (48 bytes).
    Removing nrf24l01.o(.data), (5 bytes).
    Removing myusart.o(i.MyUSART_GetString), (8 bytes).
    Removing myusart.o(i.MyUSART_SendString), (36 bytes).
    Removing myusart.o(i.custom_strstr), (52 bytes).
    Removing myusart.o(i.isDigit), (18 bytes).
    Removing oled.o(i.Delay_1ms), (26 bytes).
    Removing oled.o(i.Delay_50ms), (22 bytes).
    Removing oled.o(i.OLED_Display_Off), (28 bytes).
    Removing oled.o(i.OLED_Display_On), (28 bytes).
    Removing oled.o(i.OLED_DrawBMP), (118 bytes).
    Removing oled.o(i.OLED_Float2), (360 bytes).
    Removing oled.o(i.OLED_Num3), (200 bytes).
    Removing oled.o(i.OLED_Num4), (134 bytes).
    Removing oled.o(i.OLED_Num5), (152 bytes).
    Removing oled.o(i.OLED_On), (62 bytes).
    Removing oled.o(i.OLED_ShowCHinese), (104 bytes).
    Removing oled.o(i.OLED_ShowNumber), (136 bytes).
    Removing oled.o(i.fill_picture), (64 bytes).
    Removing oled.o(i.oled_first_show), (76 bytes).
    Removing oled.o(i.oled_pow), (22 bytes).
    Removing oled.o(i.oled_show), (2 bytes).
    Removing oled.o(.data), (896 bytes).
    Removing delay.o(i.Delay_s), (24 bytes).
    Removing timer.o(i.Timer_Init), (124 bytes).
    Removing usart3.o(i.Serial_GetRxFlag), (28 bytes).
    Removing usart3.o(i.u3_printf), (80 bytes).
    Removing usart3.o(i.usart3_rx), (56 bytes).

498 unused section(s) (total 22799 bytes) removed from the image.

==============================================================================

Image Symbol Table

    Local Symbols

    Symbol Name                              Value     Ov Type        Size  Object(Section)

    ../clib/microlib/division.c              0x00000000   Number         0  uldiv.o ABSOLUTE
    ../clib/microlib/division.c              0x00000000   Number         0  uidiv.o ABSOLUTE
    ../clib/microlib/init/entry.s            0x00000000   Number         0  entry8a.o ABSOLUTE
    ../clib/microlib/init/entry.s            0x00000000   Number         0  entry.o ABSOLUTE
    ../clib/microlib/init/entry.s            0x00000000   Number         0  entry8b.o ABSOLUTE
    ../clib/microlib/init/entry.s            0x00000000   Number         0  entry2.o ABSOLUTE
    ../clib/microlib/init/entry.s            0x00000000   Number         0  entry5.o ABSOLUTE
    ../clib/microlib/init/entry.s            0x00000000   Number         0  entry7a.o ABSOLUTE
    ../clib/microlib/init/entry.s            0x00000000   Number         0  entry7b.o ABSOLUTE
    ../clib/microlib/init/entry.s            0x00000000   Number         0  entry11a.o ABSOLUTE
    ../clib/microlib/init/entry.s            0x00000000   Number         0  entry10b.o ABSOLUTE
    ../clib/microlib/init/entry.s            0x00000000   Number         0  entry10a.o ABSOLUTE
    ../clib/microlib/init/entry.s            0x00000000   Number         0  entry9b.o ABSOLUTE
    ../clib/microlib/init/entry.s            0x00000000   Number         0  entry9a.o ABSOLUTE
    ../clib/microlib/init/entry.s            0x00000000   Number         0  entry11b.o ABSOLUTE
    ../clib/microlib/longlong.c              0x00000000   Number         0  llsshr.o ABSOLUTE
    ../clib/microlib/longlong.c              0x00000000   Number         0  llshl.o ABSOLUTE
    ../clib/microlib/longlong.c              0x00000000   Number         0  llushr.o ABSOLUTE
    ../clib/microlib/printf/printf.c         0x00000000   Number         0  printf8.o ABSOLUTE
    ../clib/microlib/printf/printf.c         0x00000000   Number         0  printfa.o ABSOLUTE
    ../clib/microlib/printf/printf.c         0x00000000   Number         0  printf7.o ABSOLUTE
    ../clib/microlib/printf/printf.c         0x00000000   Number         0  printf1.o ABSOLUTE
    ../clib/microlib/printf/printf.c         0x00000000   Number         0  printfb.o ABSOLUTE
    ../clib/microlib/printf/printf.c         0x00000000   Number         0  printf0.o ABSOLUTE
    ../clib/microlib/printf/printf.c         0x00000000   Number         0  printf2.o ABSOLUTE
    ../clib/microlib/printf/printf.c         0x00000000   Number         0  printf3.o ABSOLUTE
    ../clib/microlib/printf/printf.c         0x00000000   Number         0  printf4.o ABSOLUTE
    ../clib/microlib/printf/printf.c         0x00000000   Number         0  printf5.o ABSOLUTE
    ../clib/microlib/printf/printf.c         0x00000000   Number         0  printf6.o ABSOLUTE
    ../clib/microlib/printf/stubs.s          0x00000000   Number         0  stubs.o ABSOLUTE
    ../clib/microlib/stdio/streams.c         0x00000000   Number         0  stdout.o ABSOLUTE
    ../clib/microlib/string/memset.c         0x00000000   Number         0  memseta.o ABSOLUTE
    ../clib/microlib/string/strcmp.c         0x00000000   Number         0  strcmp.o ABSOLUTE
    ../clib/microlib/string/strlen.c         0x00000000   Number         0  strlen.o ABSOLUTE
    ../clib/microlib/stubs.s                 0x00000000   Number         0  iusefp.o ABSOLUTE
    ../fplib/microlib/f2d.c                  0x00000000   Number         0  f2d.o ABSOLUTE
    ../fplib/microlib/fpadd.c                0x00000000   Number         0  fadd.o ABSOLUTE
    ../fplib/microlib/fpadd.c                0x00000000   Number         0  dadd.o ABSOLUTE
    ../fplib/microlib/fpdiv.c                0x00000000   Number         0  ddiv.o ABSOLUTE
    ../fplib/microlib/fpdiv.c                0x00000000   Number         0  fdiv.o ABSOLUTE
    ../fplib/microlib/fpepilogue.c           0x00000000   Number         0  fepilogue.o ABSOLUTE
    ../fplib/microlib/fpepilogue.c           0x00000000   Number         0  depilogue.o ABSOLUTE
    ../fplib/microlib/fpfix.c                0x00000000   Number         0  dfixul.o ABSOLUTE
    ../fplib/microlib/fpfix.c                0x00000000   Number         0  dfixi.o ABSOLUTE
    ../fplib/microlib/fpfix.c                0x00000000   Number         0  dfixui.o ABSOLUTE
    ../fplib/microlib/fpfix.c                0x00000000   Number         0  ffixui.o ABSOLUTE
    ../fplib/microlib/fpflt.c                0x00000000   Number         0  dflti.o ABSOLUTE
    ../fplib/microlib/fpflt.c                0x00000000   Number         0  fflti.o ABSOLUTE
    ../fplib/microlib/fpflt.c                0x00000000   Number         0  dfltui.o ABSOLUTE
    ../fplib/microlib/fpmul.c                0x00000000   Number         0  fmul.o ABSOLUTE
    ../fplib/microlib/fpmul.c                0x00000000   Number         0  dmul.o ABSOLUTE
    Hardware\AD.c                            0x00000000   Number         0  ad.o ABSOLUTE
    Hardware\DHT11.c                         0x00000000   Number         0  dht11.o ABSOLUTE
    Hardware\Key.c                           0x00000000   Number         0  key.o ABSOLUTE
    Hardware\LED.c                           0x00000000   Number         0  led.o ABSOLUTE
    Hardware\MySPI.c                         0x00000000   Number         0  myspi.o ABSOLUTE
    Hardware\MyUSART.c                       0x00000000   Number         0  myusart.o ABSOLUTE
    Hardware\NRF24L01.c                      0x00000000   Number         0  nrf24l01.o ABSOLUTE
    Hardware\OLED\oled.c                     0x00000000   Number         0  oled.o ABSOLUTE
    Hardware\PWM.c                           0x00000000   Number         0  pwm.o ABSOLUTE
    Library\misc.c                           0x00000000   Number         0  misc.o ABSOLUTE
    Library\stm32f10x_adc.c                  0x00000000   Number         0  stm32f10x_adc.o ABSOLUTE
    Library\stm32f10x_bkp.c                  0x00000000   Number         0  stm32f10x_bkp.o ABSOLUTE
    Library\stm32f10x_can.c                  0x00000000   Number         0  stm32f10x_can.o ABSOLUTE
    Library\stm32f10x_cec.c                  0x00000000   Number         0  stm32f10x_cec.o ABSOLUTE
    Library\stm32f10x_crc.c                  0x00000000   Number         0  stm32f10x_crc.o ABSOLUTE
    Library\stm32f10x_dac.c                  0x00000000   Number         0  stm32f10x_dac.o ABSOLUTE
    Library\stm32f10x_dbgmcu.c               0x00000000   Number         0  stm32f10x_dbgmcu.o ABSOLUTE
    Library\stm32f10x_dma.c                  0x00000000   Number         0  stm32f10x_dma.o ABSOLUTE
    Library\stm32f10x_exti.c                 0x00000000   Number         0  stm32f10x_exti.o ABSOLUTE
    Library\stm32f10x_flash.c                0x00000000   Number         0  stm32f10x_flash.o ABSOLUTE
    Library\stm32f10x_fsmc.c                 0x00000000   Number         0  stm32f10x_fsmc.o ABSOLUTE
    Library\stm32f10x_gpio.c                 0x00000000   Number         0  stm32f10x_gpio.o ABSOLUTE
    Library\stm32f10x_i2c.c                  0x00000000   Number         0  stm32f10x_i2c.o ABSOLUTE
    Library\stm32f10x_iwdg.c                 0x00000000   Number         0  stm32f10x_iwdg.o ABSOLUTE
    Library\stm32f10x_pwr.c                  0x00000000   Number         0  stm32f10x_pwr.o ABSOLUTE
    Library\stm32f10x_rcc.c                  0x00000000   Number         0  stm32f10x_rcc.o ABSOLUTE
    Library\stm32f10x_rtc.c                  0x00000000   Number         0  stm32f10x_rtc.o ABSOLUTE
    Library\stm32f10x_sdio.c                 0x00000000   Number         0  stm32f10x_sdio.o ABSOLUTE
    Library\stm32f10x_spi.c                  0x00000000   Number         0  stm32f10x_spi.o ABSOLUTE
    Library\stm32f10x_tim.c                  0x00000000   Number         0  stm32f10x_tim.o ABSOLUTE
    Library\stm32f10x_usart.c                0x00000000   Number         0  stm32f10x_usart.o ABSOLUTE
    Library\stm32f10x_wwdg.c                 0x00000000   Number         0  stm32f10x_wwdg.o ABSOLUTE
    Start\\core_cm3.c                        0x00000000   Number         0  core_cm3.o ABSOLUTE
    Start\core_cm3.c                         0x00000000   Number         0  core_cm3.o ABSOLUTE
    Start\startup_stm32f10x_md.s             0x00000000   Number         0  startup_stm32f10x_md.o ABSOLUTE
    Start\system_stm32f10x.c                 0x00000000   Number         0  system_stm32f10x.o ABSOLUTE
    System\Delay.c                           0x00000000   Number         0  delay.o ABSOLUTE
    System\Timer.c                           0x00000000   Number         0  timer.o ABSOLUTE
    System\usart3\usart3.c                   0x00000000   Number         0  usart3.o ABSOLUTE
    User\esp.c                               0x00000000   Number         0  esp.o ABSOLUTE
    User\main.c                              0x00000000   Number         0  main.o ABSOLUTE
    User\stm32f10x_it.c                      0x00000000   Number         0  stm32f10x_it.o ABSOLUTE
    cdcmple.s                                0x00000000   Number         0  cdcmple.o ABSOLUTE
    cdrcmple.s                               0x00000000   Number         0  cdrcmple.o ABSOLUTE
    dc.s                                     0x00000000   Number         0  dc.o ABSOLUTE
    handlers.s                               0x00000000   Number         0  handlers.o ABSOLUTE
    init.s                                   0x00000000   Number         0  init.o ABSOLUTE
    RESET                                    0x08000000   Section      236  startup_stm32f10x_md.o(RESET)
    .ARM.Collect$$$$00000000                 0x080000ec   Section        0  entry.o(.ARM.Collect$$$$00000000)
    .ARM.Collect$$$$00000001                 0x080000ec   Section        4  entry2.o(.ARM.Collect$$$$00000001)
    .ARM.Collect$$$$00000004                 0x080000f0   Section        4  entry5.o(.ARM.Collect$$$$00000004)
    .ARM.Collect$$$$00000008                 0x080000f4   Section        0  entry7b.o(.ARM.Collect$$$$00000008)
    .ARM.Collect$$$$0000000A                 0x080000f4   Section        0  entry8b.o(.ARM.Collect$$$$0000000A)
    .ARM.Collect$$$$0000000B                 0x080000f4   Section        8  entry9a.o(.ARM.Collect$$$$0000000B)
    .ARM.Collect$$$$0000000D                 0x080000fc   Section        0  entry10a.o(.ARM.Collect$$$$0000000D)
    .ARM.Collect$$$$0000000F                 0x080000fc   Section        0  entry11a.o(.ARM.Collect$$$$0000000F)
    .ARM.Collect$$$$00002712                 0x080000fc   Section        4  entry2.o(.ARM.Collect$$$$00002712)
    __lit__00000000                          0x080000fc   Data           4  entry2.o(.ARM.Collect$$$$00002712)
    .text                                    0x08000100   Section       36  startup_stm32f10x_md.o(.text)
    .text                                    0x08000124   Section        0  memseta.o(.text)
    .text                                    0x08000148   Section        0  strcmp.o(.text)
    .text                                    0x08000164   Section        0  fadd.o(.text)
    .text                                    0x08000214   Section        0  fmul.o(.text)
    .text                                    0x08000278   Section        0  fdiv.o(.text)
    .text                                    0x080002f4   Section        0  dadd.o(.text)
    .text                                    0x08000442   Section        0  dmul.o(.text)
    .text                                    0x08000526   Section        0  fflti.o(.text)
    .text                                    0x08000538   Section        0  dflti.o(.text)
    .text                                    0x0800055a   Section        0  dfltui.o(.text)
    .text                                    0x08000574   Section        0  ffixui.o(.text)
    .text                                    0x0800059c   Section        0  dfixi.o(.text)
    .text                                    0x080005da   Section        0  dfixui.o(.text)
    .text                                    0x0800060c   Section        0  f2d.o(.text)
    .text                                    0x08000634   Section       48  cdcmple.o(.text)
    .text                                    0x08000664   Section        0  uidiv.o(.text)
    .text                                    0x08000690   Section        0  uldiv.o(.text)
    .text                                    0x080006f2   Section        0  llshl.o(.text)
    .text                                    0x08000710   Section        0  llushr.o(.text)
    .text                                    0x08000730   Section        0  llsshr.o(.text)
    .text                                    0x08000754   Section        0  iusefp.o(.text)
    .text                                    0x08000754   Section        0  fepilogue.o(.text)
    .text                                    0x080007c2   Section        0  depilogue.o(.text)
    .text                                    0x0800087c   Section        0  ddiv.o(.text)
    .text                                    0x0800095a   Section        0  dfixul.o(.text)
    .text                                    0x0800098c   Section       48  cdrcmple.o(.text)
    .text                                    0x080009bc   Section       36  init.o(.text)
    i.BusFault_Handler                       0x080009e0   Section        0  stm32f10x_it.o(i.BusFault_Handler)
    i.DebugMon_Handler                       0x080009e4   Section        0  stm32f10x_it.o(i.DebugMon_Handler)
    i.Delay_ms                               0x080009e6   Section        0  delay.o(i.Delay_ms)
    i.Delay_us                               0x080009fe   Section        0  delay.o(i.Delay_us)
    i.Esp_PUB                                0x08000a2c   Section        0  esp.o(i.Esp_PUB)
    i.GPIO_Init                              0x08000af0   Section        0  stm32f10x_gpio.o(i.GPIO_Init)
    i.GPIO_PinRemapConfig                    0x08000c08   Section        0  stm32f10x_gpio.o(i.GPIO_PinRemapConfig)
    i.GPIO_ReadOutputDataBit                 0x08000c98   Section        0  stm32f10x_gpio.o(i.GPIO_ReadOutputDataBit)
    i.GPIO_ResetBits                         0x08000caa   Section        0  stm32f10x_gpio.o(i.GPIO_ResetBits)
    i.GPIO_SetBits                           0x08000cae   Section        0  stm32f10x_gpio.o(i.GPIO_SetBits)
    i.HardFault_Handler                      0x08000cb2   Section        0  stm32f10x_it.o(i.HardFault_Handler)
    i.Init                                   0x08000cb6   Section        0  main.o(i.Init)
    i.LED_Init                               0x08000ce0   Section        0  led.o(i.LED_Init)
    i.LED_Turn                               0x08000d0c   Section        0  led.o(i.LED_Turn)
    i.MemManage_Handler                      0x08000d34   Section        0  stm32f10x_it.o(i.MemManage_Handler)
    i.MyUSART_Init                           0x08000d38   Section        0  myusart.o(i.MyUSART_Init)
    i.NMI_Handler                            0x08000df8   Section        0  stm32f10x_it.o(i.NMI_Handler)
    i.NVIC_Init                              0x08000dfc   Section        0  misc.o(i.NVIC_Init)
    i.NVIC_PriorityGroupConfig               0x08000e6c   Section        0  misc.o(i.NVIC_PriorityGroupConfig)
    i.OLED_Clear                             0x08000e80   Section        0  oled.o(i.OLED_Clear)
    i.OLED_Float                             0x08000ec0   Section        0  oled.o(i.OLED_Float)
    i.OLED_IIC_Start                         0x08001080   Section        0  oled.o(i.OLED_IIC_Start)
    i.OLED_IIC_Stop                          0x080010a8   Section        0  oled.o(i.OLED_IIC_Stop)
    i.OLED_IIC_Wait_Ack                      0x080010c8   Section        0  oled.o(i.OLED_IIC_Wait_Ack)
    i.OLED_Init                              0x080010e0   Section        0  oled.o(i.OLED_Init)
    i.OLED_Num2                              0x08001200   Section        0  oled.o(i.OLED_Num2)
    i.OLED_Num_write                         0x0800129c   Section        0  oled.o(i.OLED_Num_write)
    i.OLED_Set_Pos                           0x080012e0   Section        0  oled.o(i.OLED_Set_Pos)
    i.OLED_ShowChar                          0x08001308   Section        0  oled.o(i.OLED_ShowChar)
    i.OLED_ShowString                        0x080013ac   Section        0  oled.o(i.OLED_ShowString)
    i.OLED_WR_Byte                           0x080013e2   Section        0  oled.o(i.OLED_WR_Byte)
    i.OLED_Write_IIC_Byte                    0x080013fc   Section        0  oled.o(i.OLED_Write_IIC_Byte)
    i.OLED_Write_IIC_Command                 0x08001450   Section        0  oled.o(i.OLED_Write_IIC_Command)
    i.OLED_Write_IIC_Data                    0x0800147c   Section        0  oled.o(i.OLED_Write_IIC_Data)
    i.OLED_fuhao_write                       0x080014a8   Section        0  oled.o(i.OLED_fuhao_write)
    i.PendSV_Handler                         0x080014e8   Section        0  stm32f10x_it.o(i.PendSV_Handler)
    i.RCC_APB1PeriphClockCmd                 0x080014ec   Section        0  stm32f10x_rcc.o(i.RCC_APB1PeriphClockCmd)
    i.RCC_APB1PeriphResetCmd                 0x0800150c   Section        0  stm32f10x_rcc.o(i.RCC_APB1PeriphResetCmd)
    i.RCC_APB2PeriphClockCmd                 0x0800152c   Section        0  stm32f10x_rcc.o(i.RCC_APB2PeriphClockCmd)
    i.RCC_APB2PeriphResetCmd                 0x0800154c   Section        0  stm32f10x_rcc.o(i.RCC_APB2PeriphResetCmd)
    i.RCC_GetClocksFreq                      0x0800156c   Section        0  stm32f10x_rcc.o(i.RCC_GetClocksFreq)
    i.SVC_Handler                            0x08001640   Section        0  stm32f10x_it.o(i.SVC_Handler)
    i.SetSysClock                            0x08001642   Section        0  system_stm32f10x.o(i.SetSysClock)
    SetSysClock                              0x08001643   Thumb Code     8  system_stm32f10x.o(i.SetSysClock)
    i.SetSysClockTo72                        0x0800164c   Section        0  system_stm32f10x.o(i.SetSysClockTo72)
    SetSysClockTo72                          0x0800164d   Thumb Code   214  system_stm32f10x.o(i.SetSysClockTo72)
    i.SysTick_Handler                        0x0800172c   Section        0  stm32f10x_it.o(i.SysTick_Handler)
    i.SystemInit                             0x08001730   Section        0  system_stm32f10x.o(i.SystemInit)
    i.TIM3_IRQHandler                        0x08001790   Section        0  timer.o(i.TIM3_IRQHandler)
    i.TIM3_Int_Init                          0x080017f4   Section        0  timer.o(i.TIM3_Int_Init)
    i.TIM_ClearITPendingBit                  0x08001854   Section        0  stm32f10x_tim.o(i.TIM_ClearITPendingBit)
    i.TIM_Cmd                                0x0800185a   Section        0  stm32f10x_tim.o(i.TIM_Cmd)
    i.TIM_GetITStatus                        0x08001872   Section        0  stm32f10x_tim.o(i.TIM_GetITStatus)
    i.TIM_ITConfig                           0x08001894   Section        0  stm32f10x_tim.o(i.TIM_ITConfig)
    i.TIM_TimeBaseInit                       0x080018a8   Section        0  stm32f10x_tim.o(i.TIM_TimeBaseInit)
    i.USART1_IRQHandler                      0x0800194c   Section        0  myusart.o(i.USART1_IRQHandler)
    i.USART3_IRQHandler                      0x080019c8   Section        0  usart3.o(i.USART3_IRQHandler)
    i.USART_ClearITPendingBit                0x08001d80   Section        0  stm32f10x_usart.o(i.USART_ClearITPendingBit)
    i.USART_Cmd                              0x08001d9e   Section        0  stm32f10x_usart.o(i.USART_Cmd)
    i.USART_DeInit                           0x08001db8   Section        0  stm32f10x_usart.o(i.USART_DeInit)
    i.USART_GetFlagStatus                    0x08001e54   Section        0  stm32f10x_usart.o(i.USART_GetFlagStatus)
    i.USART_GetITStatus                      0x08001e6e   Section        0  stm32f10x_usart.o(i.USART_GetITStatus)
    i.USART_ITConfig                         0x08001ec2   Section        0  stm32f10x_usart.o(i.USART_ITConfig)
    i.USART_Init                             0x08001f0c   Section        0  stm32f10x_usart.o(i.USART_Init)
    i.USART_ReceiveData                      0x08001fe4   Section        0  stm32f10x_usart.o(i.USART_ReceiveData)
    i.USART_SendData                         0x08001fee   Section        0  stm32f10x_usart.o(i.USART_SendData)
    i.UsageFault_Handler                     0x08001ff6   Section        0  stm32f10x_it.o(i.UsageFault_Handler)
    i.__0printf                              0x08001ffc   Section        0  printfa.o(i.__0printf)
    i.__scatterload_copy                     0x0800201c   Section       14  handlers.o(i.__scatterload_copy)
    i.__scatterload_null                     0x0800202a   Section        2  handlers.o(i.__scatterload_null)
    i.__scatterload_zeroinit                 0x0800202c   Section       14  handlers.o(i.__scatterload_zeroinit)
    i._fp_digits                             0x0800203c   Section        0  printfa.o(i._fp_digits)
    _fp_digits                               0x0800203d   Thumb Code   334  printfa.o(i._fp_digits)
    i._printf_core                           0x080021a0   Section        0  printfa.o(i._printf_core)
    _printf_core                             0x080021a1   Thumb Code  1744  printfa.o(i._printf_core)
    i._printf_post_padding                   0x0800287c   Section        0  printfa.o(i._printf_post_padding)
    _printf_post_padding                     0x0800287d   Thumb Code    36  printfa.o(i._printf_post_padding)
    i._printf_pre_padding                    0x080028a0   Section        0  printfa.o(i._printf_pre_padding)
    _printf_pre_padding                      0x080028a1   Thumb Code    46  printfa.o(i._printf_pre_padding)
    i.esp_Init                               0x080028d0   Section        0  esp.o(i.esp_Init)
    i.esp_connect                            0x08002a50   Section        0  main.o(i.esp_connect)
    i.fputc                                  0x08002a6c   Section        0  esp.o(i.fputc)
    i.main                                   0x08002a90   Section        0  main.o(i.main)
    i.usart3_init                            0x08002b48   Section        0  usart3.o(i.usart3_init)
    .constdata                               0x08002c10   Section     2072  oled.o(.constdata)
    .conststring                             0x08003428   Section      112  esp.o(.conststring)
    .data                                    0x20000000   Section       20  stm32f10x_rcc.o(.data)
    APBAHBPrescTable                         0x20000000   Data          16  stm32f10x_rcc.o(.data)
    ADCPrescTable                            0x20000010   Data           4  stm32f10x_rcc.o(.data)
    .data                                    0x20000014   Section       28  myusart.o(.data)
    .data                                    0x20000030   Section        4  timer.o(.data)
    .data                                    0x20000034   Section       88  usart3.o(.data)
    Res                                      0x20000088   Data           4  usart3.o(.data)
    .data                                    0x2000008c   Section       56  main.o(.data)
    .data                                    0x200000c4   Section       49  esp.o(.data)
    .data                                    0x200000f8   Section        4  stdout.o(.data)
    .bss                                     0x200000fc   Section      478  myusart.o(.bss)
    .bss                                     0x200002dc   Section     1880  usart3.o(.bss)
    STACK                                    0x20000a38   Section     1024  startup_stm32f10x_md.o(STACK)

    Global Symbols

    Symbol Name                              Value     Ov Type        Size  Object(Section)

    BuildAttributes$$THM_ISAv4$P$D$K$B$S$PE$A:L22UL41UL21$X:L11$S22US41US21$IEEE1$IW$USESV6$~STKCKD$USESV7$~SHL$OTIME$ROPI$EBA8$MICROLIB$REQ8$PRES8$EABIv2 0x00000000   Number         0  anon$$obj.o ABSOLUTE
    __ARM_use_no_argv                        0x00000000   Number         0  main.o ABSOLUTE
    _printf_a                                0x00000000   Number         0  stubs.o ABSOLUTE
    _printf_c                                0x00000000   Number         0  stubs.o ABSOLUTE
    _printf_charcount                        0x00000000   Number         0  stubs.o ABSOLUTE
    _printf_d                                0x00000000   Number         0  stubs.o ABSOLUTE
    _printf_e                                0x00000000   Number         0  stubs.o ABSOLUTE
    _printf_f                                0x00000000   Number         0  stubs.o ABSOLUTE
    _printf_flags                            0x00000000   Number         0  stubs.o ABSOLUTE
    _printf_fp_dec                           0x00000000   Number         0  stubs.o ABSOLUTE
    _printf_fp_hex                           0x00000000   Number         0  stubs.o ABSOLUTE
    _printf_g                                0x00000000   Number         0  stubs.o ABSOLUTE
    _printf_i                                0x00000000   Number         0  stubs.o ABSOLUTE
    _printf_int_dec                          0x00000000   Number         0  stubs.o ABSOLUTE
    _printf_l                                0x00000000   Number         0  stubs.o ABSOLUTE
    _printf_lc                               0x00000000   Number         0  stubs.o ABSOLUTE
    _printf_ll                               0x00000000   Number         0  stubs.o ABSOLUTE
    _printf_lld                              0x00000000   Number         0  stubs.o ABSOLUTE
    _printf_lli                              0x00000000   Number         0  stubs.o ABSOLUTE
    _printf_llo                              0x00000000   Number         0  stubs.o ABSOLUTE
    _printf_llu                              0x00000000   Number         0  stubs.o ABSOLUTE
    _printf_llx                              0x00000000   Number         0  stubs.o ABSOLUTE
    _printf_longlong_dec                     0x00000000   Number         0  stubs.o ABSOLUTE
    _printf_longlong_hex                     0x00000000   Number         0  stubs.o ABSOLUTE
    _printf_longlong_oct                     0x00000000   Number         0  stubs.o ABSOLUTE
    _printf_ls                               0x00000000   Number         0  stubs.o ABSOLUTE
    _printf_mbtowc                           0x00000000   Number         0  stubs.o ABSOLUTE
    _printf_n                                0x00000000   Number         0  stubs.o ABSOLUTE
    _printf_o                                0x00000000   Number         0  stubs.o ABSOLUTE
    _printf_p                                0x00000000   Number         0  stubs.o ABSOLUTE
    _printf_percent                          0x00000000   Number         0  stubs.o ABSOLUTE
    _printf_pre_padding                      0x00000000   Number         0  stubs.o ABSOLUTE
    _printf_return_value                     0x00000000   Number         0  stubs.o ABSOLUTE
    _printf_s                                0x00000000   Number         0  stubs.o ABSOLUTE
    _printf_sizespec                         0x00000000   Number         0  stubs.o ABSOLUTE
    _printf_str                              0x00000000   Number         0  stubs.o ABSOLUTE
    _printf_truncate_signed                  0x00000000   Number         0  stubs.o ABSOLUTE
    _printf_truncate_unsigned                0x00000000   Number         0  stubs.o ABSOLUTE
    _printf_u                                0x00000000   Number         0  stubs.o ABSOLUTE
    _printf_wc                               0x00000000   Number         0  stubs.o ABSOLUTE
    _printf_wctomb                           0x00000000   Number         0  stubs.o ABSOLUTE
    _printf_widthprec                        0x00000000   Number         0  stubs.o ABSOLUTE
    _printf_x                                0x00000000   Number         0  stubs.o ABSOLUTE
    __cpp_initialize__aeabi_                  - Undefined Weak Reference
    __cxa_finalize                            - Undefined Weak Reference
    __decompress                              - Undefined Weak Reference
    _clock_init                               - Undefined Weak Reference
    _microlib_exit                            - Undefined Weak Reference
    __Vectors_Size                           0x000000ec   Number         0  startup_stm32f10x_md.o ABSOLUTE
    __Vectors                                0x08000000   Data           4  startup_stm32f10x_md.o(RESET)
    __Vectors_End                            0x080000ec   Data           0  startup_stm32f10x_md.o(RESET)
    __main                                   0x080000ed   Thumb Code     0  entry.o(.ARM.Collect$$$$00000000)
    _main_stk                                0x080000ed   Thumb Code     0  entry2.o(.ARM.Collect$$$$00000001)
    _main_scatterload                        0x080000f1   Thumb Code     0  entry5.o(.ARM.Collect$$$$00000004)
    __main_after_scatterload                 0x080000f5   Thumb Code     0  entry5.o(.ARM.Collect$$$$00000004)
    _main_clock                              0x080000f5   Thumb Code     0  entry7b.o(.ARM.Collect$$$$00000008)
    _main_cpp_init                           0x080000f5   Thumb Code     0  entry8b.o(.ARM.Collect$$$$0000000A)
    _main_init                               0x080000f5   Thumb Code     0  entry9a.o(.ARM.Collect$$$$0000000B)
    __rt_final_cpp                           0x080000fd   Thumb Code     0  entry10a.o(.ARM.Collect$$$$0000000D)
    __rt_final_exit                          0x080000fd   Thumb Code     0  entry11a.o(.ARM.Collect$$$$0000000F)
    Reset_Handler                            0x08000101   Thumb Code     8  startup_stm32f10x_md.o(.text)
    ADC1_2_IRQHandler                        0x0800011b   Thumb Code     0  startup_stm32f10x_md.o(.text)
    CAN1_RX1_IRQHandler                      0x0800011b   Thumb Code     0  startup_stm32f10x_md.o(.text)
    CAN1_SCE_IRQHandler                      0x0800011b   Thumb Code     0  startup_stm32f10x_md.o(.text)
    DMA1_Channel1_IRQHandler                 0x0800011b   Thumb Code     0  startup_stm32f10x_md.o(.text)
    DMA1_Channel2_IRQHandler                 0x0800011b   Thumb Code     0  startup_stm32f10x_md.o(.text)
    DMA1_Channel3_IRQHandler                 0x0800011b   Thumb Code     0  startup_stm32f10x_md.o(.text)
    DMA1_Channel4_IRQHandler                 0x0800011b   Thumb Code     0  startup_stm32f10x_md.o(.text)
    DMA1_Channel5_IRQHandler                 0x0800011b   Thumb Code     0  startup_stm32f10x_md.o(.text)
    DMA1_Channel6_IRQHandler                 0x0800011b   Thumb Code     0  startup_stm32f10x_md.o(.text)
    DMA1_Channel7_IRQHandler                 0x0800011b   Thumb Code     0  startup_stm32f10x_md.o(.text)
    EXTI0_IRQHandler                         0x0800011b   Thumb Code     0  startup_stm32f10x_md.o(.text)
    EXTI15_10_IRQHandler                     0x0800011b   Thumb Code     0  startup_stm32f10x_md.o(.text)
    EXTI1_IRQHandler                         0x0800011b   Thumb Code     0  startup_stm32f10x_md.o(.text)
    EXTI2_IRQHandler                         0x0800011b   Thumb Code     0  startup_stm32f10x_md.o(.text)
    EXTI3_IRQHandler                         0x0800011b   Thumb Code     0  startup_stm32f10x_md.o(.text)
    EXTI4_IRQHandler                         0x0800011b   Thumb Code     0  startup_stm32f10x_md.o(.text)
    EXTI9_5_IRQHandler                       0x0800011b   Thumb Code     0  startup_stm32f10x_md.o(.text)
    FLASH_IRQHandler                         0x0800011b   Thumb Code     0  startup_stm32f10x_md.o(.text)
    I2C1_ER_IRQHandler                       0x0800011b   Thumb Code     0  startup_stm32f10x_md.o(.text)
    I2C1_EV_IRQHandler                       0x0800011b   Thumb Code     0  startup_stm32f10x_md.o(.text)
    I2C2_ER_IRQHandler                       0x0800011b   Thumb Code     0  startup_stm32f10x_md.o(.text)
    I2C2_EV_IRQHandler                       0x0800011b   Thumb Code     0  startup_stm32f10x_md.o(.text)
    PVD_IRQHandler                           0x0800011b   Thumb Code     0  startup_stm32f10x_md.o(.text)
    RCC_IRQHandler                           0x0800011b   Thumb Code     0  startup_stm32f10x_md.o(.text)
    RTCAlarm_IRQHandler                      0x0800011b   Thumb Code     0  startup_stm32f10x_md.o(.text)
    RTC_IRQHandler                           0x0800011b   Thumb Code     0  startup_stm32f10x_md.o(.text)
    SPI1_IRQHandler                          0x0800011b   Thumb Code     0  startup_stm32f10x_md.o(.text)
    SPI2_IRQHandler                          0x0800011b   Thumb Code     0  startup_stm32f10x_md.o(.text)
    TAMPER_IRQHandler                        0x0800011b   Thumb Code     0  startup_stm32f10x_md.o(.text)
    TIM1_BRK_IRQHandler                      0x0800011b   Thumb Code     0  startup_stm32f10x_md.o(.text)
    TIM1_CC_IRQHandler                       0x0800011b   Thumb Code     0  startup_stm32f10x_md.o(.text)
    TIM1_TRG_COM_IRQHandler                  0x0800011b   Thumb Code     0  startup_stm32f10x_md.o(.text)
    TIM1_UP_IRQHandler                       0x0800011b   Thumb Code     0  startup_stm32f10x_md.o(.text)
    TIM2_IRQHandler                          0x0800011b   Thumb Code     0  startup_stm32f10x_md.o(.text)
    TIM4_IRQHandler                          0x0800011b   Thumb Code     0  startup_stm32f10x_md.o(.text)
    USART2_IRQHandler                        0x0800011b   Thumb Code     0  startup_stm32f10x_md.o(.text)
    USBWakeUp_IRQHandler                     0x0800011b   Thumb Code     0  startup_stm32f10x_md.o(.text)
    USB_HP_CAN1_TX_IRQHandler                0x0800011b   Thumb Code     0  startup_stm32f10x_md.o(.text)
    USB_LP_CAN1_RX0_IRQHandler               0x0800011b   Thumb Code     0  startup_stm32f10x_md.o(.text)
    WWDG_IRQHandler                          0x0800011b   Thumb Code     0  startup_stm32f10x_md.o(.text)
    __aeabi_memset                           0x08000125   Thumb Code    14  memseta.o(.text)
    __aeabi_memset4                          0x08000125   Thumb Code     0  memseta.o(.text)
    __aeabi_memset8                          0x08000125   Thumb Code     0  memseta.o(.text)
    __aeabi_memclr                           0x08000133   Thumb Code     4  memseta.o(.text)
    __aeabi_memclr4                          0x08000133   Thumb Code     0  memseta.o(.text)
    __aeabi_memclr8                          0x08000133   Thumb Code     0  memseta.o(.text)
    _memset$wrapper                          0x08000137   Thumb Code    18  memseta.o(.text)
    strcmp                                   0x08000149   Thumb Code    28  strcmp.o(.text)
    __aeabi_fadd                             0x08000165   Thumb Code   164  fadd.o(.text)
    __aeabi_fsub                             0x08000209   Thumb Code     6  fadd.o(.text)
    __aeabi_frsub                            0x0800020f   Thumb Code     6  fadd.o(.text)
    __aeabi_fmul                             0x08000215   Thumb Code   100  fmul.o(.text)
    __aeabi_fdiv                             0x08000279   Thumb Code   124  fdiv.o(.text)
    __aeabi_dadd                             0x080002f5   Thumb Code   322  dadd.o(.text)
    __aeabi_dsub                             0x08000437   Thumb Code     6  dadd.o(.text)
    __aeabi_drsub                            0x0800043d   Thumb Code     6  dadd.o(.text)
    __aeabi_dmul                             0x08000443   Thumb Code   228  dmul.o(.text)
    __aeabi_i2f                              0x08000527   Thumb Code    18  fflti.o(.text)
    __aeabi_i2d                              0x08000539   Thumb Code    34  dflti.o(.text)
    __aeabi_ui2d                             0x0800055b   Thumb Code    26  dfltui.o(.text)
    __aeabi_f2uiz                            0x08000575   Thumb Code    40  ffixui.o(.text)
    __aeabi_d2iz                             0x0800059d   Thumb Code    62  dfixi.o(.text)
    __aeabi_d2uiz                            0x080005db   Thumb Code    50  dfixui.o(.text)
    __aeabi_f2d                              0x0800060d   Thumb Code    38  f2d.o(.text)
    __aeabi_cdcmpeq                          0x08000635   Thumb Code     0  cdcmple.o(.text)
    __aeabi_cdcmple                          0x08000635   Thumb Code    48  cdcmple.o(.text)
    __aeabi_uidiv                            0x08000665   Thumb Code     0  uidiv.o(.text)
    __aeabi_uidivmod                         0x08000665   Thumb Code    44  uidiv.o(.text)
    __aeabi_uldivmod                         0x08000691   Thumb Code    98  uldiv.o(.text)
    __aeabi_llsl                             0x080006f3   Thumb Code    30  llshl.o(.text)
    _ll_shift_l                              0x080006f3   Thumb Code     0  llshl.o(.text)
    __aeabi_llsr                             0x08000711   Thumb Code    32  llushr.o(.text)
    _ll_ushift_r                             0x08000711   Thumb Code     0  llushr.o(.text)
    __aeabi_lasr                             0x08000731   Thumb Code    36  llsshr.o(.text)
    _ll_sshift_r                             0x08000731   Thumb Code     0  llsshr.o(.text)
    __I$use$fp                               0x08000755   Thumb Code     0  iusefp.o(.text)
    _float_round                             0x08000755   Thumb Code    18  fepilogue.o(.text)
    _float_epilogue                          0x08000767   Thumb Code    92  fepilogue.o(.text)
    _double_round                            0x080007c3   Thumb Code    30  depilogue.o(.text)
    _double_epilogue                         0x080007e1   Thumb Code   156  depilogue.o(.text)
    __aeabi_ddiv                             0x0800087d   Thumb Code   222  ddiv.o(.text)
    __aeabi_d2ulz                            0x0800095b   Thumb Code    48  dfixul.o(.text)
    __aeabi_cdrcmple                         0x0800098d   Thumb Code    48  cdrcmple.o(.text)
    __scatterload                            0x080009bd   Thumb Code    28  init.o(.text)
    __scatterload_rt2                        0x080009bd   Thumb Code     0  init.o(.text)
    BusFault_Handler                         0x080009e1   Thumb Code     4  stm32f10x_it.o(i.BusFault_Handler)
    DebugMon_Handler                         0x080009e5   Thumb Code     2  stm32f10x_it.o(i.DebugMon_Handler)
    Delay_ms                                 0x080009e7   Thumb Code    24  delay.o(i.Delay_ms)
    Delay_us                                 0x080009ff   Thumb Code    46  delay.o(i.Delay_us)
    Esp_PUB                                  0x08000a2d   Thumb Code    96  esp.o(i.Esp_PUB)
    GPIO_Init                                0x08000af1   Thumb Code   278  stm32f10x_gpio.o(i.GPIO_Init)
    GPIO_PinRemapConfig                      0x08000c09   Thumb Code   138  stm32f10x_gpio.o(i.GPIO_PinRemapConfig)
    GPIO_ReadOutputDataBit                   0x08000c99   Thumb Code    18  stm32f10x_gpio.o(i.GPIO_ReadOutputDataBit)
    GPIO_ResetBits                           0x08000cab   Thumb Code     4  stm32f10x_gpio.o(i.GPIO_ResetBits)
    GPIO_SetBits                             0x08000caf   Thumb Code     4  stm32f10x_gpio.o(i.GPIO_SetBits)
    HardFault_Handler                        0x08000cb3   Thumb Code     4  stm32f10x_it.o(i.HardFault_Handler)
    Init                                     0x08000cb7   Thumb Code    42  main.o(i.Init)
    LED_Init                                 0x08000ce1   Thumb Code    38  led.o(i.LED_Init)
    LED_Turn                                 0x08000d0d   Thumb Code    36  led.o(i.LED_Turn)
    MemManage_Handler                        0x08000d35   Thumb Code     4  stm32f10x_it.o(i.MemManage_Handler)
    MyUSART_Init                             0x08000d39   Thumb Code   184  myusart.o(i.MyUSART_Init)
    NMI_Handler                              0x08000df9   Thumb Code     2  stm32f10x_it.o(i.NMI_Handler)
    NVIC_Init                                0x08000dfd   Thumb Code   100  misc.o(i.NVIC_Init)
    NVIC_PriorityGroupConfig                 0x08000e6d   Thumb Code    10  misc.o(i.NVIC_PriorityGroupConfig)
    OLED_Clear                               0x08000e81   Thumb Code    62  oled.o(i.OLED_Clear)
    OLED_Float                               0x08000ec1   Thumb Code   442  oled.o(i.OLED_Float)
    OLED_IIC_Start                           0x08001081   Thumb Code    36  oled.o(i.OLED_IIC_Start)
    OLED_IIC_Stop                            0x080010a9   Thumb Code    28  oled.o(i.OLED_IIC_Stop)
    OLED_IIC_Wait_Ack                        0x080010c9   Thumb Code    20  oled.o(i.OLED_IIC_Wait_Ack)
    OLED_Init                                0x080010e1   Thumb Code   278  oled.o(i.OLED_Init)
    OLED_Num2                                0x08001201   Thumb Code   156  oled.o(i.OLED_Num2)
    OLED_Num_write                           0x0800129d   Thumb Code    62  oled.o(i.OLED_Num_write)
    OLED_Set_Pos                             0x080012e1   Thumb Code    40  oled.o(i.OLED_Set_Pos)
    OLED_ShowChar                            0x08001309   Thumb Code   154  oled.o(i.OLED_ShowChar)
    OLED_ShowString                          0x080013ad   Thumb Code    54  oled.o(i.OLED_ShowString)
    OLED_WR_Byte                             0x080013e3   Thumb Code    24  oled.o(i.OLED_WR_Byte)
    OLED_Write_IIC_Byte                      0x080013fd   Thumb Code    80  oled.o(i.OLED_Write_IIC_Byte)
    OLED_Write_IIC_Command                   0x08001451   Thumb Code    44  oled.o(i.OLED_Write_IIC_Command)
    OLED_Write_IIC_Data                      0x0800147d   Thumb Code    44  oled.o(i.OLED_Write_IIC_Data)
    OLED_fuhao_write                         0x080014a9   Thumb Code    58  oled.o(i.OLED_fuhao_write)
    PendSV_Handler                           0x080014e9   Thumb Code     2  stm32f10x_it.o(i.PendSV_Handler)
    RCC_APB1PeriphClockCmd                   0x080014ed   Thumb Code    26  stm32f10x_rcc.o(i.RCC_APB1PeriphClockCmd)
    RCC_APB1PeriphResetCmd                   0x0800150d   Thumb Code    26  stm32f10x_rcc.o(i.RCC_APB1PeriphResetCmd)
    RCC_APB2PeriphClockCmd                   0x0800152d   Thumb Code    26  stm32f10x_rcc.o(i.RCC_APB2PeriphClockCmd)
    RCC_APB2PeriphResetCmd                   0x0800154d   Thumb Code    26  stm32f10x_rcc.o(i.RCC_APB2PeriphResetCmd)
    RCC_GetClocksFreq                        0x0800156d   Thumb Code   192  stm32f10x_rcc.o(i.RCC_GetClocksFreq)
    SVC_Handler                              0x08001641   Thumb Code     2  stm32f10x_it.o(i.SVC_Handler)
    SysTick_Handler                          0x0800172d   Thumb Code     2  stm32f10x_it.o(i.SysTick_Handler)
    SystemInit                               0x08001731   Thumb Code    78  system_stm32f10x.o(i.SystemInit)
    TIM3_IRQHandler                          0x08001791   Thumb Code    86  timer.o(i.TIM3_IRQHandler)
    TIM3_Int_Init                            0x080017f5   Thumb Code    90  timer.o(i.TIM3_Int_Init)
    TIM_ClearITPendingBit                    0x08001855   Thumb Code     6  stm32f10x_tim.o(i.TIM_ClearITPendingBit)
    TIM_Cmd                                  0x0800185b   Thumb Code    24  stm32f10x_tim.o(i.TIM_Cmd)
    TIM_GetITStatus                          0x08001873   Thumb Code    34  stm32f10x_tim.o(i.TIM_GetITStatus)
    TIM_ITConfig                             0x08001895   Thumb Code    18  stm32f10x_tim.o(i.TIM_ITConfig)
    TIM_TimeBaseInit                         0x080018a9   Thumb Code   122  stm32f10x_tim.o(i.TIM_TimeBaseInit)
    USART1_IRQHandler                        0x0800194d   Thumb Code   112  myusart.o(i.USART1_IRQHandler)
    USART3_IRQHandler                        0x080019c9   Thumb Code   884  usart3.o(i.USART3_IRQHandler)
    USART_ClearITPendingBit                  0x08001d81   Thumb Code    30  stm32f10x_usart.o(i.USART_ClearITPendingBit)
    USART_Cmd                                0x08001d9f   Thumb Code    24  stm32f10x_usart.o(i.USART_Cmd)
    USART_DeInit                             0x08001db9   Thumb Code   134  stm32f10x_usart.o(i.USART_DeInit)
    USART_GetFlagStatus                      0x08001e55   Thumb Code    26  stm32f10x_usart.o(i.USART_GetFlagStatus)
    USART_GetITStatus                        0x08001e6f   Thumb Code    84  stm32f10x_usart.o(i.USART_GetITStatus)
    USART_ITConfig                           0x08001ec3   Thumb Code    74  stm32f10x_usart.o(i.USART_ITConfig)
    USART_Init                               0x08001f0d   Thumb Code   210  stm32f10x_usart.o(i.USART_Init)
    USART_ReceiveData                        0x08001fe5   Thumb Code    10  stm32f10x_usart.o(i.USART_ReceiveData)
    USART_SendData                           0x08001fef   Thumb Code     8  stm32f10x_usart.o(i.USART_SendData)
    UsageFault_Handler                       0x08001ff7   Thumb Code     4  stm32f10x_it.o(i.UsageFault_Handler)
    __0printf                                0x08001ffd   Thumb Code    22  printfa.o(i.__0printf)
    __1printf                                0x08001ffd   Thumb Code     0  printfa.o(i.__0printf)
    __2printf                                0x08001ffd   Thumb Code     0  printfa.o(i.__0printf)
    __c89printf                              0x08001ffd   Thumb Code     0  printfa.o(i.__0printf)
    printf                                   0x08001ffd   Thumb Code     0  printfa.o(i.__0printf)
    __scatterload_copy                       0x0800201d   Thumb Code    14  handlers.o(i.__scatterload_copy)
    __scatterload_null                       0x0800202b   Thumb Code     2  handlers.o(i.__scatterload_null)
    __scatterload_zeroinit                   0x0800202d   Thumb Code    14  handlers.o(i.__scatterload_zeroinit)
    esp_Init                                 0x080028d1   Thumb Code   218  esp.o(i.esp_Init)
    esp_connect                              0x08002a51   Thumb Code    28  main.o(i.esp_connect)
    fputc                                    0x08002a6d   Thumb Code    32  esp.o(i.fputc)
    main                                     0x08002a91   Thumb Code   158  main.o(i.main)
    usart3_init                              0x08002b49   Thumb Code   178  usart3.o(i.usart3_init)
    F6x8                                     0x08002c10   Data         552  oled.o(.constdata)
    F8X16                                    0x08002e38   Data        1520  oled.o(.constdata)
    Region$$Table$$Base                      0x08003498   Number         0  anon$$obj.o(Region$$Table)
    Region$$Table$$Limit                     0x080034b8   Number         0  anon$$obj.o(Region$$Table)
    rx_index                                 0x20000014   Data           2  myusart.o(.data)
    rxIndex                                  0x20000016   Data           1  myusart.o(.data)
    isParsing                                0x20000018   Data           4  myusart.o(.data)
    ledValue                                 0x2000001c   Data           4  myusart.o(.data)
    i                                        0x20000020   Data           1  myusart.o(.data)
    status                                   0x20000024   Data           4  myusart.o(.data)
    status1                                  0x20000028   Data           4  myusart.o(.data)
    status2                                  0x2000002c   Data           4  myusart.o(.data)
    count                                    0x20000030   Data           4  timer.o(.data)
    longitude_flag                           0x20000034   Data           4  usart3.o(.data)
    latitude_flag                            0x20000038   Data           4  usart3.o(.data)
    san_flag                                 0x2000003c   Data           4  usart3.o(.data)
    er_flag                                  0x20000040   Data           4  usart3.o(.data)
    longit_                                  0x20000044   Data           1  usart3.o(.data)
    latit_                                   0x20000045   Data           1  usart3.o(.data)
    longit                                   0x20000048   Data           4  usart3.o(.data)
    latit                                    0x2000004c   Data           4  usart3.o(.data)
    l_i                                      0x20000050   Data           4  usart3.o(.data)
    Temp                                     0x20000054   Data           1  usart3.o(.data)
    USART3_RX_STA                            0x20000056   Data           2  usart3.o(.data)
    j                                        0x20000058   Data           4  usart3.o(.data)
    start1_flag                              0x2000005c   Data           4  usart3.o(.data)
    two_flag                                 0x20000060   Data           4  usart3.o(.data)
    three_flag                               0x20000064   Data           4  usart3.o(.data)
    start2_flag                              0x20000068   Data           4  usart3.o(.data)
    jindu                                    0x2000006c   Data           4  usart3.o(.data)
    weidu                                    0x20000070   Data           4  usart3.o(.data)
    Serial_TxPacket                          0x20000074   Data           8  usart3.o(.data)
    Serial_RxPacket                          0x2000007c   Data           8  usart3.o(.data)
    Serial_RxFlag                            0x20000084   Data           1  usart3.o(.data)
    LightLux                                 0x2000008c   Data           4  main.o(.data)
    soil_humidity                            0x20000090   Data           4  main.o(.data)
    soil_temperature                         0x20000094   Data           4  main.o(.data)
    Humidity                                 0x20000098   Data           4  main.o(.data)
    temperature                              0x2000009c   Data           4  main.o(.data)
    speed                                    0x200000a0   Data           4  main.o(.data)
    fspeed                                   0x200000a4   Data           4  main.o(.data)
    fangle                                   0x200000a8   Data           4  main.o(.data)
    angle_H                                  0x200000ac   Data           4  main.o(.data)
    angle_L                                  0x200000b0   Data           4  main.o(.data)
    level                                    0x200000b4   Data           4  main.o(.data)
    chonglian_flag                           0x200000b8   Data           4  main.o(.data)
    cnt                                      0x200000bc   Data           2  main.o(.data)
    Count                                    0x200000c0   Data           4  main.o(.data)
    turn_flag                                0x200000c4   Data           4  esp.o(.data)
    bk                                       0x200000c8   Data           4  esp.o(.data)
    WIFI                                     0x200000cc   Data           4  esp.o(.data)
    WIFIASSWORD                              0x200000d0   Data           4  esp.o(.data)
    ClintID                                  0x200000d4   Data           4  esp.o(.data)
    username                                 0x200000d8   Data           4  esp.o(.data)
    passwd                                   0x200000dc   Data           4  esp.o(.data)
    Url                                      0x200000e0   Data           4  esp.o(.data)
    pubtopic                                 0x200000e4   Data           4  esp.o(.data)
    func1                                    0x200000e8   Data           4  esp.o(.data)
    func2                                    0x200000ec   Data           4  esp.o(.data)
    ntp                                      0x200000f0   Data           4  esp.o(.data)
    flag                                     0x200000f4   Data           1  esp.o(.data)
    __stdout                                 0x200000f8   Data           4  stdout.o(.data)
    rx_buffer                                0x200000fc   Data         100  myusart.o(.bss)
    rxBuffer                                 0x20000160   Data         128  myusart.o(.bss)
    RECS                                     0x200001e0   Data         250  myusart.o(.bss)
    longitude                                0x200002dc   Data          40  usart3.o(.bss)
    latitude                                 0x20000304   Data          40  usart3.o(.bss)
    USART3_RX_BUF                            0x2000032c   Data        1024  usart3.o(.bss)
    USART3_TX_BUF                            0x2000072c   Data         600  usart3.o(.bss)
    JINDU                                    0x20000984   Data          80  usart3.o(.bss)
    WEIDU                                    0x200009d4   Data          80  usart3.o(.bss)
    USART_InitStructure                      0x20000a24   Data          16  usart3.o(.bss)
    __initial_sp                             0x20000e38   Data           0  startup_stm32f10x_md.o(STACK)



==============================================================================

Memory Map of the image

  Image Entry point : 0x08000101

  Load Region LR_1 (Base: 0x08000000, Size: 0x000035b4, Max: 0xffffffff, ABSOLUTE)

    Execution Region ER_RO (Base: 0x08000000, Size: 0x000034b8, Max: 0xffffffff, ABSOLUTE)

    Base Addr    Size         Type   Attr      Idx    E Section Name        Object

    0x08000000   0x000000ec   Data   RO           19    RESET               startup_stm32f10x_md.o
    0x080000ec   0x00000000   Code   RO         3943  * .ARM.Collect$$$$00000000  mc_w.l(entry.o)
    0x080000ec   0x00000004   Code   RO         4239    .ARM.Collect$$$$00000001  mc_w.l(entry2.o)
    0x080000f0   0x00000004   Code   RO         4242    .ARM.Collect$$$$00000004  mc_w.l(entry5.o)
    0x080000f4   0x00000000   Code   RO         4244    .ARM.Collect$$$$00000008  mc_w.l(entry7b.o)
    0x080000f4   0x00000000   Code   RO         4246    .ARM.Collect$$$$0000000A  mc_w.l(entry8b.o)
    0x080000f4   0x00000008   Code   RO         4247    .ARM.Collect$$$$0000000B  mc_w.l(entry9a.o)
    0x080000fc   0x00000000   Code   RO         4249    .ARM.Collect$$$$0000000D  mc_w.l(entry10a.o)
    0x080000fc   0x00000000   Code   RO         4251    .ARM.Collect$$$$0000000F  mc_w.l(entry11a.o)
    0x080000fc   0x00000004   Code   RO         4240    .ARM.Collect$$$$00002712  mc_w.l(entry2.o)
    0x08000100   0x00000024   Code   RO           20  * .text               startup_stm32f10x_md.o
    0x08000124   0x00000024   Code   RO         3946    .text               mc_w.l(memseta.o)
    0x08000148   0x0000001c   Code   RO         3950    .text               mc_w.l(strcmp.o)
    0x08000164   0x000000b0   Code   RO         4213    .text               mf_w.l(fadd.o)
    0x08000214   0x00000064   Code   RO         4215    .text               mf_w.l(fmul.o)
    0x08000278   0x0000007c   Code   RO         4217    .text               mf_w.l(fdiv.o)
    0x080002f4   0x0000014e   Code   RO         4219    .text               mf_w.l(dadd.o)
    0x08000442   0x000000e4   Code   RO         4221    .text               mf_w.l(dmul.o)
    0x08000526   0x00000012   Code   RO         4223    .text               mf_w.l(fflti.o)
    0x08000538   0x00000022   Code   RO         4225    .text               mf_w.l(dflti.o)
    0x0800055a   0x0000001a   Code   RO         4227    .text               mf_w.l(dfltui.o)
    0x08000574   0x00000028   Code   RO         4229    .text               mf_w.l(ffixui.o)
    0x0800059c   0x0000003e   Code   RO         4231    .text               mf_w.l(dfixi.o)
    0x080005da   0x00000032   Code   RO         4233    .text               mf_w.l(dfixui.o)
    0x0800060c   0x00000026   Code   RO         4235    .text               mf_w.l(f2d.o)
    0x08000632   0x00000002   PAD
    0x08000634   0x00000030   Code   RO         4237    .text               mf_w.l(cdcmple.o)
    0x08000664   0x0000002c   Code   RO         4254    .text               mc_w.l(uidiv.o)
    0x08000690   0x00000062   Code   RO         4256    .text               mc_w.l(uldiv.o)
    0x080006f2   0x0000001e   Code   RO         4258    .text               mc_w.l(llshl.o)
    0x08000710   0x00000020   Code   RO         4260    .text               mc_w.l(llushr.o)
    0x08000730   0x00000024   Code   RO         4262    .text               mc_w.l(llsshr.o)
    0x08000754   0x00000000   Code   RO         4264    .text               mc_w.l(iusefp.o)
    0x08000754   0x0000006e   Code   RO         4265    .text               mf_w.l(fepilogue.o)
    0x080007c2   0x000000ba   Code   RO         4267    .text               mf_w.l(depilogue.o)
    0x0800087c   0x000000de   Code   RO         4269    .text               mf_w.l(ddiv.o)
    0x0800095a   0x00000030   Code   RO         4271    .text               mf_w.l(dfixul.o)
    0x0800098a   0x00000002   PAD
    0x0800098c   0x00000030   Code   RO         4273    .text               mf_w.l(cdrcmple.o)
    0x080009bc   0x00000024   Code   RO         4275    .text               mc_w.l(init.o)
    0x080009e0   0x00000004   Code   RO         3848    i.BusFault_Handler  stm32f10x_it.o
    0x080009e4   0x00000002   Code   RO         3849    i.DebugMon_Handler  stm32f10x_it.o
    0x080009e6   0x00000018   Code   RO         3671    i.Delay_ms          delay.o
    0x080009fe   0x0000002e   Code   RO         3673    i.Delay_us          delay.o
    0x08000a2c   0x000000c4   Code   RO         3911    i.Esp_PUB           esp.o
    0x08000af0   0x00000116   Code   RO         1347    i.GPIO_Init         stm32f10x_gpio.o
    0x08000c06   0x00000002   PAD
    0x08000c08   0x00000090   Code   RO         1349    i.GPIO_PinRemapConfig  stm32f10x_gpio.o
    0x08000c98   0x00000012   Code   RO         1353    i.GPIO_ReadOutputDataBit  stm32f10x_gpio.o
    0x08000caa   0x00000004   Code   RO         1354    i.GPIO_ResetBits    stm32f10x_gpio.o
    0x08000cae   0x00000004   Code   RO         1355    i.GPIO_SetBits      stm32f10x_gpio.o
    0x08000cb2   0x00000004   Code   RO         3850    i.HardFault_Handler  stm32f10x_it.o
    0x08000cb6   0x0000002a   Code   RO         3795    i.Init              main.o
    0x08000ce0   0x0000002c   Code   RO         3217    i.LED_Init          led.o
    0x08000d0c   0x00000028   Code   RO         3220    i.LED_Turn          led.o
    0x08000d34   0x00000004   Code   RO         3851    i.MemManage_Handler  stm32f10x_it.o
    0x08000d38   0x000000c0   Code   RO         3401    i.MyUSART_Init      myusart.o
    0x08000df8   0x00000002   Code   RO         3852    i.NMI_Handler       stm32f10x_it.o
    0x08000dfa   0x00000002   PAD
    0x08000dfc   0x00000070   Code   RO          137    i.NVIC_Init         misc.o
    0x08000e6c   0x00000014   Code   RO          138    i.NVIC_PriorityGroupConfig  misc.o
    0x08000e80   0x0000003e   Code   RO         3464    i.OLED_Clear        oled.o
    0x08000ebe   0x00000002   PAD
    0x08000ec0   0x000001c0   Code   RO         3468    i.OLED_Float        oled.o
    0x08001080   0x00000028   Code   RO         3470    i.OLED_IIC_Start    oled.o
    0x080010a8   0x00000020   Code   RO         3471    i.OLED_IIC_Stop     oled.o
    0x080010c8   0x00000018   Code   RO         3472    i.OLED_IIC_Wait_Ack  oled.o
    0x080010e0   0x00000120   Code   RO         3473    i.OLED_Init         oled.o
    0x08001200   0x0000009c   Code   RO         3474    i.OLED_Num2         oled.o
    0x0800129c   0x00000044   Code   RO         3478    i.OLED_Num_write    oled.o
    0x080012e0   0x00000028   Code   RO         3480    i.OLED_Set_Pos      oled.o
    0x08001308   0x000000a4   Code   RO         3482    i.OLED_ShowChar     oled.o
    0x080013ac   0x00000036   Code   RO         3484    i.OLED_ShowString   oled.o
    0x080013e2   0x00000018   Code   RO         3485    i.OLED_WR_Byte      oled.o
    0x080013fa   0x00000002   PAD
    0x080013fc   0x00000054   Code   RO         3486    i.OLED_Write_IIC_Byte  oled.o
    0x08001450   0x0000002c   Code   RO         3487    i.OLED_Write_IIC_Command  oled.o
    0x0800147c   0x0000002c   Code   RO         3488    i.OLED_Write_IIC_Data  oled.o
    0x080014a8   0x00000040   Code   RO         3489    i.OLED_fuhao_write  oled.o
    0x080014e8   0x00000002   Code   RO         3853    i.PendSV_Handler    stm32f10x_it.o
    0x080014ea   0x00000002   PAD
    0x080014ec   0x00000020   Code   RO         1775    i.RCC_APB1PeriphClockCmd  stm32f10x_rcc.o
    0x0800150c   0x00000020   Code   RO         1776    i.RCC_APB1PeriphResetCmd  stm32f10x_rcc.o
    0x0800152c   0x00000020   Code   RO         1777    i.RCC_APB2PeriphClockCmd  stm32f10x_rcc.o
    0x0800154c   0x00000020   Code   RO         1778    i.RCC_APB2PeriphResetCmd  stm32f10x_rcc.o
    0x0800156c   0x000000d4   Code   RO         1785    i.RCC_GetClocksFreq  stm32f10x_rcc.o
    0x08001640   0x00000002   Code   RO         3854    i.SVC_Handler       stm32f10x_it.o
    0x08001642   0x00000008   Code   RO           24    i.SetSysClock       system_stm32f10x.o
    0x0800164a   0x00000002   PAD
    0x0800164c   0x000000e0   Code   RO           25    i.SetSysClockTo72   system_stm32f10x.o
    0x0800172c   0x00000002   Code   RO         3855    i.SysTick_Handler   stm32f10x_it.o
    0x0800172e   0x00000002   PAD
    0x08001730   0x00000060   Code   RO           27    i.SystemInit        system_stm32f10x.o
    0x08001790   0x00000064   Code   RO         3695    i.TIM3_IRQHandler   timer.o
    0x080017f4   0x00000060   Code   RO         3696    i.TIM3_Int_Init     timer.o
    0x08001854   0x00000006   Code   RO         2416    i.TIM_ClearITPendingBit  stm32f10x_tim.o
    0x0800185a   0x00000018   Code   RO         2421    i.TIM_Cmd           stm32f10x_tim.o
    0x08001872   0x00000022   Code   RO         2442    i.TIM_GetITStatus   stm32f10x_tim.o
    0x08001894   0x00000012   Code   RO         2446    i.TIM_ITConfig      stm32f10x_tim.o
    0x080018a6   0x00000002   PAD
    0x080018a8   0x000000a4   Code   RO         2492    i.TIM_TimeBaseInit  stm32f10x_tim.o
    0x0800194c   0x0000007c   Code   RO         3403    i.USART1_IRQHandler  myusart.o
    0x080019c8   0x000003b8   Code   RO         3733    i.USART3_IRQHandler  usart3.o
    0x08001d80   0x0000001e   Code   RO         2957    i.USART_ClearITPendingBit  stm32f10x_usart.o
    0x08001d9e   0x00000018   Code   RO         2960    i.USART_Cmd         stm32f10x_usart.o
    0x08001db6   0x00000002   PAD
    0x08001db8   0x0000009c   Code   RO         2962    i.USART_DeInit      stm32f10x_usart.o
    0x08001e54   0x0000001a   Code   RO         2963    i.USART_GetFlagStatus  stm32f10x_usart.o
    0x08001e6e   0x00000054   Code   RO         2964    i.USART_GetITStatus  stm32f10x_usart.o
    0x08001ec2   0x0000004a   Code   RO         2966    i.USART_ITConfig    stm32f10x_usart.o
    0x08001f0c   0x000000d8   Code   RO         2967    i.USART_Init        stm32f10x_usart.o
    0x08001fe4   0x0000000a   Code   RO         2974    i.USART_ReceiveData  stm32f10x_usart.o
    0x08001fee   0x00000008   Code   RO         2977    i.USART_SendData    stm32f10x_usart.o
    0x08001ff6   0x00000004   Code   RO         3856    i.UsageFault_Handler  stm32f10x_it.o
    0x08001ffa   0x00000002   PAD
    0x08001ffc   0x00000020   Code   RO         4185    i.__0printf         mc_w.l(printfa.o)
    0x0800201c   0x0000000e   Code   RO         4279    i.__scatterload_copy  mc_w.l(handlers.o)
    0x0800202a   0x00000002   Code   RO         4280    i.__scatterload_null  mc_w.l(handlers.o)
    0x0800202c   0x0000000e   Code   RO         4281    i.__scatterload_zeroinit  mc_w.l(handlers.o)
    0x0800203a   0x00000002   PAD
    0x0800203c   0x00000164   Code   RO         4192    i._fp_digits        mc_w.l(printfa.o)
    0x080021a0   0x000006dc   Code   RO         4193    i._printf_core      mc_w.l(printfa.o)
    0x0800287c   0x00000024   Code   RO         4194    i._printf_post_padding  mc_w.l(printfa.o)
    0x080028a0   0x0000002e   Code   RO         4195    i._printf_pre_padding  mc_w.l(printfa.o)
    0x080028ce   0x00000002   PAD
    0x080028d0   0x00000180   Code   RO         3912    i.esp_Init          esp.o
    0x08002a50   0x0000001c   Code   RO         3796    i.esp_connect       main.o
    0x08002a6c   0x00000024   Code   RO         3913    i.fputc             esp.o
    0x08002a90   0x000000b8   Code   RO         3797    i.main              main.o
    0x08002b48   0x000000c8   Code   RO         3735    i.usart3_init       usart3.o
    0x08002c10   0x00000818   Data   RO         3494    .constdata          oled.o
    0x08003428   0x00000070   Data   RO         3914    .conststring        esp.o
    0x08003498   0x00000020   Data   RO         4277    Region$$Table       anon$$obj.o


    Execution Region ER_RW (Base: 0x20000000, Size: 0x000000fc, Max: 0xffffffff, ABSOLUTE)

    Base Addr    Size         Type   Attr      Idx    E Section Name        Object

    0x20000000   0x00000014   Data   RW         1805    .data               stm32f10x_rcc.o
    0x20000014   0x0000001c   Data   RW         3407    .data               myusart.o
    0x20000030   0x00000004   Data   RW         3698    .data               timer.o
    0x20000034   0x00000058   Data   RW         3738    .data               usart3.o
    0x2000008c   0x00000038   Data   RW         3798    .data               main.o
    0x200000c4   0x00000031   Data   RW         3915    .data               esp.o
    0x200000f5   0x00000003   PAD
    0x200000f8   0x00000004   Data   RW         4253    .data               mc_w.l(stdout.o)


    Execution Region ER_ZI (Base: 0x200000fc, Size: 0x00000d3c, Max: 0xffffffff, ABSOLUTE)

    Base Addr    Size         Type   Attr      Idx    E Section Name        Object

    0x200000fc   0x000001de   Zero   RW         3406    .bss                myusart.o
    0x200002da   0x00000002   PAD
    0x200002dc   0x00000758   Zero   RW         3737    .bss                usart3.o
    0x20000a34   0x00000004   PAD
    0x20000a38   0x00000400   Zero   RW           17    STACK               startup_stm32f10x_md.o


==============================================================================

Image component sizes


      Code (inc. data)   RO Data    RW Data    ZI Data      Debug   Object Name

         0          0          0          0          0       4536   core_cm3.o
        70          0          0          0          0        886   delay.o
       616        270        112         49          0       2135   esp.o
        84         10          0          0          0        862   led.o
       254         26          0         56          0       3214   main.o
       132         22          0          0          0     204695   misc.o
       316         20          0         28        478       2218   myusart.o
      1636         54       2072          0          0      10436   oled.o
        36          8        236          0       1024        764   startup_stm32f10x_md.o
         0          0          0          0          0       1644   stm32f10x_adc.o
       448          6          0          0          0      12467   stm32f10x_gpio.o
        26          0          0          0          0       3630   stm32f10x_it.o
       340         44          0         20          0      13952   stm32f10x_rcc.o
       246         42          0          0          0      23546   stm32f10x_tim.o
       628         28          0          0          0      12838   stm32f10x_usart.o
       328         28          0          0          0      45117   system_stm32f10x.o
       196         20          0          4          0       1274   timer.o
      1152         90          0         88       1880       3172   usart3.o

    ----------------------------------------------------------------------
      6528        668       2452        248       3388     347386   Object Totals
         0          0         32          0          0          0   (incl. Generated)
        20          0          0          3          6          0   (incl. Padding)

    ----------------------------------------------------------------------

      Code (inc. data)   RO Data    RW Data    ZI Data      Debug   Library Member Name

         0          0          0          0          0          0   entry.o
         0          0          0          0          0          0   entry10a.o
         0          0          0          0          0          0   entry11a.o
         8          4          0          0          0          0   entry2.o
         4          0          0          0          0          0   entry5.o
         0          0          0          0          0          0   entry7b.o
         0          0          0          0          0          0   entry8b.o
         8          4          0          0          0          0   entry9a.o
        30          0          0          0          0          0   handlers.o
        36          8          0          0          0         68   init.o
         0          0          0          0          0          0   iusefp.o
        30          0          0          0          0         68   llshl.o
        36          0          0          0          0         68   llsshr.o
        32          0          0          0          0         68   llushr.o
        36          0          0          0          0        108   memseta.o
      2226         90          0          0          0        444   printfa.o
         0          0          0          4          0          0   stdout.o
        28          0          0          0          0         76   strcmp.o
        44          0          0          0          0         80   uidiv.o
        98          0          0          0          0         92   uldiv.o
        48          0          0          0          0         68   cdcmple.o
        48          0          0          0          0         68   cdrcmple.o
       334          0          0          0          0        148   dadd.o
       222          0          0          0          0        100   ddiv.o
       186          0          0          0          0        176   depilogue.o
        62          0          0          0          0         80   dfixi.o
        50          0          0          0          0         76   dfixui.o
        48          0          0          0          0         68   dfixul.o
        34          0          0          0          0         76   dflti.o
        26          0          0          0          0         76   dfltui.o
       228          0          0          0          0         96   dmul.o
        38          0          0          0          0         68   f2d.o
       176          0          0          0          0        140   fadd.o
       124          0          0          0          0         88   fdiv.o
       110          0          0          0          0        168   fepilogue.o
        40          0          0          0          0         68   ffixui.o
        18          0          0          0          0         68   fflti.o
       100          0          0          0          0         76   fmul.o

    ----------------------------------------------------------------------
      4516        106          0          4          0       2780   Library Totals
         8          0          0          0          0          0   (incl. Padding)

    ----------------------------------------------------------------------

      Code (inc. data)   RO Data    RW Data    ZI Data      Debug   Library Name

      2616        106          0          4          0       1072   mc_w.l
      1892          0          0          0          0       1708   mf_w.l

    ----------------------------------------------------------------------
      4516        106          0          4          0       2780   Library Totals

    ----------------------------------------------------------------------

==============================================================================


      Code (inc. data)   RO Data    RW Data    ZI Data      Debug   

     11044        774       2452        252       3388     345378   Grand Totals
     11044        774       2452        252       3388     345378   ELF Image Totals
     11044        774       2452        252          0          0   ROM Totals

==============================================================================

    Total RO  Size (Code + RO Data)                13496 (  13.18kB)
    Total RW  Size (RW Data + ZI Data)              3640 (   3.55kB)
    Total ROM Size (Code + RO Data + RW Data)      13748 (  13.43kB)

==============================================================================

